<!doctype html public "-//w3c//dtd html 4.0 transitional//en">
<html><head>
<title>Static Call Graph - [.\Objects\Project.axf]</title></head>
<body><HR>
<H1>Static Call Graph for image .\Objects\Project.axf</H1><HR>
<BR><P>#&#060CALLGRAPH&#062# ARM Linker, 6210000: Last Updated: Mon Apr 27 23:30:42 2026
<BR><P>
<H3>Maximum Stack Usage =        316 bytes + Unknown(Cycles, Untraceable Function Pointers)</H3><H3>
Call chain for Maximum Stack Depth:</H3>
main &rArr; display_sensor_data &rArr; draw_sensor_image &rArr; Paint_DrawString_EN &rArr; Paint_DrawChar &rArr; Paint_SetPixel
<P>
<H3>
Mutually Recursive functions
</H3> <LI><a href="#[18]">ADC_IRQHandler</a>&nbsp;&nbsp;&nbsp;&rArr;&nbsp;&nbsp;&nbsp;<a href="#[18]">ADC_IRQHandler</a><BR>
</UL>
<P>
<H3>
Function Pointers
</H3><UL>
 <LI><a href="#[18]">ADC_IRQHandler</a> from startup_gd32l23x.o(.text) referenced from startup_gd32l23x.o(RESET)
 <LI><a href="#[39]">CAU_IRQHandler</a> from startup_gd32l23x.o(.text) referenced from startup_gd32l23x.o(RESET)
 <LI><a href="#[33]">CMP0_IRQHandler</a> from startup_gd32l23x.o(.text) referenced from startup_gd32l23x.o(RESET)
 <LI><a href="#[34]">CMP1_IRQHandler</a> from startup_gd32l23x.o(.text) referenced from startup_gd32l23x.o(RESET)
 <LI><a href="#[2b]">DAC_IRQHandler</a> from startup_gd32l23x.o(.text) referenced from startup_gd32l23x.o(RESET)
 <LI><a href="#[32]">DMAMUX_IRQHandler</a> from startup_gd32l23x.o(.text) referenced from startup_gd32l23x.o(RESET)
 <LI><a href="#[11]">DMA_Channel0_IRQHandler</a> from startup_gd32l23x.o(.text) referenced from startup_gd32l23x.o(RESET)
 <LI><a href="#[12]">DMA_Channel1_IRQHandler</a> from startup_gd32l23x.o(.text) referenced from startup_gd32l23x.o(RESET)
 <LI><a href="#[13]">DMA_Channel2_IRQHandler</a> from startup_gd32l23x.o(.text) referenced from startup_gd32l23x.o(RESET)
 <LI><a href="#[14]">DMA_Channel3_IRQHandler</a> from startup_gd32l23x.o(.text) referenced from startup_gd32l23x.o(RESET)
 <LI><a href="#[15]">DMA_Channel4_IRQHandler</a> from startup_gd32l23x.o(.text) referenced from startup_gd32l23x.o(RESET)
 <LI><a href="#[16]">DMA_Channel5_IRQHandler</a> from startup_gd32l23x.o(.text) referenced from startup_gd32l23x.o(RESET)
 <LI><a href="#[17]">DMA_Channel6_IRQHandler</a> from startup_gd32l23x.o(.text) referenced from startup_gd32l23x.o(RESET)
 <LI><a href="#[c]">EXTI0_IRQHandler</a> from startup_gd32l23x.o(.text) referenced from startup_gd32l23x.o(RESET)
 <LI><a href="#[31]">EXTI10_15_IRQHandler</a> from startup_gd32l23x.o(.text) referenced from startup_gd32l23x.o(RESET)
 <LI><a href="#[d]">EXTI1_IRQHandler</a> from startup_gd32l23x.o(.text) referenced from startup_gd32l23x.o(RESET)
 <LI><a href="#[e]">EXTI2_IRQHandler</a> from startup_gd32l23x.o(.text) referenced from startup_gd32l23x.o(RESET)
 <LI><a href="#[f]">EXTI3_IRQHandler</a> from startup_gd32l23x.o(.text) referenced from startup_gd32l23x.o(RESET)
 <LI><a href="#[10]">EXTI4_IRQHandler</a> from startup_gd32l23x.o(.text) referenced from startup_gd32l23x.o(RESET)
 <LI><a href="#[30]">EXTI5_9_IRQHandler</a> from startup_gd32l23x.o(.text) referenced from startup_gd32l23x.o(RESET)
 <LI><a href="#[a]">FMC_IRQHandler</a> from startup_gd32l23x.o(.text) referenced from startup_gd32l23x.o(RESET)
 <LI><a href="#[2]">HardFault_Handler</a> from gd32l23x_it.o(.text.HardFault_Handler) referenced from startup_gd32l23x.o(RESET)
 <LI><a href="#[26]">I2C0_ER_IRQHandler</a> from startup_gd32l23x.o(.text) referenced from startup_gd32l23x.o(RESET)
 <LI><a href="#[25]">I2C0_EV_IRQHandler</a> from startup_gd32l23x.o(.text) referenced from startup_gd32l23x.o(RESET)
 <LI><a href="#[35]">I2C0_WKUP_IRQHandler</a> from startup_gd32l23x.o(.text) referenced from startup_gd32l23x.o(RESET)
 <LI><a href="#[28]">I2C1_ER_IRQHandler</a> from startup_gd32l23x.o(.text) referenced from startup_gd32l23x.o(RESET)
 <LI><a href="#[27]">I2C1_EV_IRQHandler</a> from startup_gd32l23x.o(.text) referenced from startup_gd32l23x.o(RESET)
 <LI><a href="#[3d]">I2C1_WKUP_IRQHandler</a> from startup_gd32l23x.o(.text) referenced from startup_gd32l23x.o(RESET)
 <LI><a href="#[2d]">I2C2_ER_IRQHandler</a> from startup_gd32l23x.o(.text) referenced from startup_gd32l23x.o(RESET)
 <LI><a href="#[2c]">I2C2_EV_IRQHandler</a> from startup_gd32l23x.o(.text) referenced from startup_gd32l23x.o(RESET)
 <LI><a href="#[36]">I2C2_WKUP_IRQHandler</a> from startup_gd32l23x.o(.text) referenced from startup_gd32l23x.o(RESET)
 <LI><a href="#[3f]">LPTIMER_IRQHandler</a> from startup_gd32l23x.o(.text) referenced from startup_gd32l23x.o(RESET)
 <LI><a href="#[38]">LPUART_IRQHandler</a> from startup_gd32l23x.o(.text) referenced from startup_gd32l23x.o(RESET)
 <LI><a href="#[3e]">LPUART_WKUP_IRQHandler</a> from startup_gd32l23x.o(.text) referenced from startup_gd32l23x.o(RESET)
 <LI><a href="#[7]">LVD_IRQHandler</a> from startup_gd32l23x.o(.text) referenced from startup_gd32l23x.o(RESET)
 <LI><a href="#[1]">NMI_Handler</a> from gd32l23x_it.o(.text.NMI_Handler) referenced from startup_gd32l23x.o(RESET)
 <LI><a href="#[4]">PendSV_Handler</a> from gd32l23x_it.o(.text.PendSV_Handler) referenced from startup_gd32l23x.o(RESET)
 <LI><a href="#[b]">RCU_CTC_IRQHandler</a> from startup_gd32l23x.o(.text) referenced from startup_gd32l23x.o(RESET)
 <LI><a href="#[2e]">RTC_Alarm_IRQHandler</a> from startup_gd32l23x.o(.text) referenced from startup_gd32l23x.o(RESET)
 <LI><a href="#[9]">RTC_WKUP_IRQHandler</a> from startup_gd32l23x.o(.text) referenced from startup_gd32l23x.o(RESET)
 <LI><a href="#[0]">Reset_Handler</a> from startup_gd32l23x.o(.text) referenced from startup_gd32l23x.o(RESET)
 <LI><a href="#[3b]">SLCD_IRQHandler</a> from startup_gd32l23x.o(.text) referenced from startup_gd32l23x.o(RESET)
 <LI><a href="#[29]">SPI0_IRQHandler</a> from startup_gd32l23x.o(.text) referenced from startup_gd32l23x.o(RESET)
 <LI><a href="#[2a]">SPI1_IRQHandler</a> from startup_gd32l23x.o(.text) referenced from startup_gd32l23x.o(RESET)
 <LI><a href="#[3]">SVC_Handler</a> from gd32l23x_it.o(.text.SVC_Handler) referenced from startup_gd32l23x.o(RESET)
 <LI><a href="#[5]">SysTick_Handler</a> from gd32l23x_it.o(.text.SysTick_Handler) referenced from startup_gd32l23x.o(RESET)
 <LI><a href="#[41]">SystemInit</a> from system_gd32l23x.o(.text.SystemInit) referenced from startup_gd32l23x.o(.text)
 <LI><a href="#[8]">TAMPER_STAMP_IRQHandler</a> from startup_gd32l23x.o(.text) referenced from startup_gd32l23x.o(RESET)
 <LI><a href="#[1e]">TIMER11_IRQHandler</a> from startup_gd32l23x.o(.text) referenced from startup_gd32l23x.o(RESET)
 <LI><a href="#[1b]">TIMER1_IRQHandler</a> from startup_gd32l23x.o(.text) referenced from startup_gd32l23x.o(RESET)
 <LI><a href="#[1c]">TIMER2_IRQHandler</a> from startup_gd32l23x.o(.text) referenced from startup_gd32l23x.o(RESET)
 <LI><a href="#[1f]">TIMER5_IRQHandler</a> from startup_gd32l23x.o(.text) referenced from startup_gd32l23x.o(RESET)
 <LI><a href="#[20]">TIMER6_IRQHandler</a> from startup_gd32l23x.o(.text) referenced from startup_gd32l23x.o(RESET)
 <LI><a href="#[1d]">TIMER8_IRQHandler</a> from startup_gd32l23x.o(.text) referenced from startup_gd32l23x.o(RESET)
 <LI><a href="#[3a]">TRNG_IRQHandler</a> from startup_gd32l23x.o(.text) referenced from startup_gd32l23x.o(RESET)
 <LI><a href="#[23]">UART3_IRQHandler</a> from startup_gd32l23x.o(.text) referenced from startup_gd32l23x.o(RESET)
 <LI><a href="#[24]">UART4_IRQHandler</a> from startup_gd32l23x.o(.text) referenced from startup_gd32l23x.o(RESET)
 <LI><a href="#[21]">USART0_IRQHandler</a> from startup_gd32l23x.o(.text) referenced from startup_gd32l23x.o(RESET)
 <LI><a href="#[37]">USART0_WKUP_IRQHandler</a> from startup_gd32l23x.o(.text) referenced from startup_gd32l23x.o(RESET)
 <LI><a href="#[22]">USART1_IRQHandler</a> from uart.o(.text.USART1_IRQHandler) referenced from startup_gd32l23x.o(RESET)
 <LI><a href="#[3c]">USART1_WKUP_IRQHandler</a> from startup_gd32l23x.o(.text) referenced from startup_gd32l23x.o(RESET)
 <LI><a href="#[19]">USBD_HP_IRQHandler</a> from startup_gd32l23x.o(.text) referenced from startup_gd32l23x.o(RESET)
 <LI><a href="#[1a]">USBD_LP_IRQHandler</a> from startup_gd32l23x.o(.text) referenced from startup_gd32l23x.o(RESET)
 <LI><a href="#[2f]">USBD_WKUP_IRQHandler</a> from startup_gd32l23x.o(.text) referenced from startup_gd32l23x.o(RESET)
 <LI><a href="#[6]">WWDGT_IRQHandler</a> from startup_gd32l23x.o(.text) referenced from startup_gd32l23x.o(RESET)
 <LI><a href="#[42]">__main</a> from entry.o(.ARM.Collect$$$$00000000) referenced from startup_gd32l23x.o(.text)
 <LI><a href="#[43]">_sputc</a> from printfa.o(i._sputc) referenced from printfa.o(i.__0sprintf)
 <LI><a href="#[40]">main</a> from main.o(.text.main) referenced from entry9a.o(.ARM.Collect$$$$0000000B)
</UL>
<P>
<H3>
Global Symbols
</H3>
<P><STRONG><a name="[42]"></a>__main</STRONG> (Thumb, 0 bytes, Stack size unknown bytes, entry.o(.ARM.Collect$$$$00000000))
<BR>[Address Reference Count : 1]<UL><LI> startup_gd32l23x.o(.text)
</UL>
<P><STRONG><a name="[a7]"></a>_main_stk</STRONG> (Thumb, 0 bytes, Stack size unknown bytes, entry2.o(.ARM.Collect$$$$00000001))

<P><STRONG><a name="[44]"></a>_main_scatterload</STRONG> (Thumb, 0 bytes, Stack size unknown bytes, entry5.o(.ARM.Collect$$$$00000004))
<BR><BR>[Calls]<UL><LI><a href="#[45]">&gt;&gt;</a>&nbsp;&nbsp;&nbsp;__scatterload
</UL>

<P><STRONG><a name="[57]"></a>__main_after_scatterload</STRONG> (Thumb, 0 bytes, Stack size unknown bytes, entry5.o(.ARM.Collect$$$$00000004))
<BR><BR>[Called By]<UL><LI><a href="#[45]">&gt;&gt;</a>&nbsp;&nbsp;&nbsp;__scatterload
</UL>

<P><STRONG><a name="[a8]"></a>_main_clock</STRONG> (Thumb, 0 bytes, Stack size unknown bytes, entry7b.o(.ARM.Collect$$$$00000008))

<P><STRONG><a name="[a9]"></a>_main_cpp_init</STRONG> (Thumb, 0 bytes, Stack size unknown bytes, entry8b.o(.ARM.Collect$$$$0000000A))

<P><STRONG><a name="[aa]"></a>_main_init</STRONG> (Thumb, 0 bytes, Stack size unknown bytes, entry9a.o(.ARM.Collect$$$$0000000B))

<P><STRONG><a name="[ab]"></a>__rt_final_cpp</STRONG> (Thumb, 0 bytes, Stack size unknown bytes, entry10a.o(.ARM.Collect$$$$0000000D))

<P><STRONG><a name="[ac]"></a>__rt_final_exit</STRONG> (Thumb, 0 bytes, Stack size unknown bytes, entry11a.o(.ARM.Collect$$$$0000000F))

<P><STRONG><a name="[0]"></a>Reset_Handler</STRONG> (Thumb, 8 bytes, Stack size 0 bytes, startup_gd32l23x.o(.text))
<BR>[Address Reference Count : 1]<UL><LI> startup_gd32l23x.o(RESET)
</UL>
<P><STRONG><a name="[18]"></a>ADC_IRQHandler</STRONG> (Thumb, 0 bytes, Stack size 0 bytes, startup_gd32l23x.o(.text))
<BR><BR>[Calls]<UL><LI><a href="#[18]">&gt;&gt;</a>&nbsp;&nbsp;&nbsp;ADC_IRQHandler
</UL>
<BR>[Called By]<UL><LI><a href="#[18]">&gt;&gt;</a>&nbsp;&nbsp;&nbsp;ADC_IRQHandler
</UL>
<BR>[Address Reference Count : 1]<UL><LI> startup_gd32l23x.o(RESET)
</UL>
<P><STRONG><a name="[39]"></a>CAU_IRQHandler</STRONG> (Thumb, 0 bytes, Stack size 0 bytes, startup_gd32l23x.o(.text))
<BR>[Address Reference Count : 1]<UL><LI> startup_gd32l23x.o(RESET)
</UL>
<P><STRONG><a name="[33]"></a>CMP0_IRQHandler</STRONG> (Thumb, 0 bytes, Stack size 0 bytes, startup_gd32l23x.o(.text))
<BR>[Address Reference Count : 1]<UL><LI> startup_gd32l23x.o(RESET)
</UL>
<P><STRONG><a name="[34]"></a>CMP1_IRQHandler</STRONG> (Thumb, 0 bytes, Stack size 0 bytes, startup_gd32l23x.o(.text))
<BR>[Address Reference Count : 1]<UL><LI> startup_gd32l23x.o(RESET)
</UL>
<P><STRONG><a name="[2b]"></a>DAC_IRQHandler</STRONG> (Thumb, 0 bytes, Stack size 0 bytes, startup_gd32l23x.o(.text))
<BR>[Address Reference Count : 1]<UL><LI> startup_gd32l23x.o(RESET)
</UL>
<P><STRONG><a name="[32]"></a>DMAMUX_IRQHandler</STRONG> (Thumb, 0 bytes, Stack size 0 bytes, startup_gd32l23x.o(.text))
<BR>[Address Reference Count : 1]<UL><LI> startup_gd32l23x.o(RESET)
</UL>
<P><STRONG><a name="[11]"></a>DMA_Channel0_IRQHandler</STRONG> (Thumb, 0 bytes, Stack size 0 bytes, startup_gd32l23x.o(.text))
<BR>[Address Reference Count : 1]<UL><LI> startup_gd32l23x.o(RESET)
</UL>
<P><STRONG><a name="[12]"></a>DMA_Channel1_IRQHandler</STRONG> (Thumb, 0 bytes, Stack size 0 bytes, startup_gd32l23x.o(.text))
<BR>[Address Reference Count : 1]<UL><LI> startup_gd32l23x.o(RESET)
</UL>
<P><STRONG><a name="[13]"></a>DMA_Channel2_IRQHandler</STRONG> (Thumb, 0 bytes, Stack size 0 bytes, startup_gd32l23x.o(.text))
<BR>[Address Reference Count : 1]<UL><LI> startup_gd32l23x.o(RESET)
</UL>
<P><STRONG><a name="[14]"></a>DMA_Channel3_IRQHandler</STRONG> (Thumb, 0 bytes, Stack size 0 bytes, startup_gd32l23x.o(.text))
<BR>[Address Reference Count : 1]<UL><LI> startup_gd32l23x.o(RESET)
</UL>
<P><STRONG><a name="[15]"></a>DMA_Channel4_IRQHandler</STRONG> (Thumb, 0 bytes, Stack size 0 bytes, startup_gd32l23x.o(.text))
<BR>[Address Reference Count : 1]<UL><LI> startup_gd32l23x.o(RESET)
</UL>
<P><STRONG><a name="[16]"></a>DMA_Channel5_IRQHandler</STRONG> (Thumb, 0 bytes, Stack size 0 bytes, startup_gd32l23x.o(.text))
<BR>[Address Reference Count : 1]<UL><LI> startup_gd32l23x.o(RESET)
</UL>
<P><STRONG><a name="[17]"></a>DMA_Channel6_IRQHandler</STRONG> (Thumb, 0 bytes, Stack size 0 bytes, startup_gd32l23x.o(.text))
<BR>[Address Reference Count : 1]<UL><LI> startup_gd32l23x.o(RESET)
</UL>
<P><STRONG><a name="[c]"></a>EXTI0_IRQHandler</STRONG> (Thumb, 0 bytes, Stack size 0 bytes, startup_gd32l23x.o(.text))
<BR>[Address Reference Count : 1]<UL><LI> startup_gd32l23x.o(RESET)
</UL>
<P><STRONG><a name="[31]"></a>EXTI10_15_IRQHandler</STRONG> (Thumb, 0 bytes, Stack size 0 bytes, startup_gd32l23x.o(.text))
<BR>[Address Reference Count : 1]<UL><LI> startup_gd32l23x.o(RESET)
</UL>
<P><STRONG><a name="[d]"></a>EXTI1_IRQHandler</STRONG> (Thumb, 0 bytes, Stack size 0 bytes, startup_gd32l23x.o(.text))
<BR>[Address Reference Count : 1]<UL><LI> startup_gd32l23x.o(RESET)
</UL>
<P><STRONG><a name="[e]"></a>EXTI2_IRQHandler</STRONG> (Thumb, 0 bytes, Stack size 0 bytes, startup_gd32l23x.o(.text))
<BR>[Address Reference Count : 1]<UL><LI> startup_gd32l23x.o(RESET)
</UL>
<P><STRONG><a name="[f]"></a>EXTI3_IRQHandler</STRONG> (Thumb, 0 bytes, Stack size 0 bytes, startup_gd32l23x.o(.text))
<BR>[Address Reference Count : 1]<UL><LI> startup_gd32l23x.o(RESET)
</UL>
<P><STRONG><a name="[10]"></a>EXTI4_IRQHandler</STRONG> (Thumb, 0 bytes, Stack size 0 bytes, startup_gd32l23x.o(.text))
<BR>[Address Reference Count : 1]<UL><LI> startup_gd32l23x.o(RESET)
</UL>
<P><STRONG><a name="[30]"></a>EXTI5_9_IRQHandler</STRONG> (Thumb, 0 bytes, Stack size 0 bytes, startup_gd32l23x.o(.text))
<BR>[Address Reference Count : 1]<UL><LI> startup_gd32l23x.o(RESET)
</UL>
<P><STRONG><a name="[a]"></a>FMC_IRQHandler</STRONG> (Thumb, 0 bytes, Stack size 0 bytes, startup_gd32l23x.o(.text))
<BR>[Address Reference Count : 1]<UL><LI> startup_gd32l23x.o(RESET)
</UL>
<P><STRONG><a name="[26]"></a>I2C0_ER_IRQHandler</STRONG> (Thumb, 0 bytes, Stack size 0 bytes, startup_gd32l23x.o(.text))
<BR>[Address Reference Count : 1]<UL><LI> startup_gd32l23x.o(RESET)
</UL>
<P><STRONG><a name="[25]"></a>I2C0_EV_IRQHandler</STRONG> (Thumb, 0 bytes, Stack size 0 bytes, startup_gd32l23x.o(.text))
<BR>[Address Reference Count : 1]<UL><LI> startup_gd32l23x.o(RESET)
</UL>
<P><STRONG><a name="[35]"></a>I2C0_WKUP_IRQHandler</STRONG> (Thumb, 0 bytes, Stack size 0 bytes, startup_gd32l23x.o(.text))
<BR>[Address Reference Count : 1]<UL><LI> startup_gd32l23x.o(RESET)
</UL>
<P><STRONG><a name="[28]"></a>I2C1_ER_IRQHandler</STRONG> (Thumb, 0 bytes, Stack size 0 bytes, startup_gd32l23x.o(.text))
<BR>[Address Reference Count : 1]<UL><LI> startup_gd32l23x.o(RESET)
</UL>
<P><STRONG><a name="[27]"></a>I2C1_EV_IRQHandler</STRONG> (Thumb, 0 bytes, Stack size 0 bytes, startup_gd32l23x.o(.text))
<BR>[Address Reference Count : 1]<UL><LI> startup_gd32l23x.o(RESET)
</UL>
<P><STRONG><a name="[3d]"></a>I2C1_WKUP_IRQHandler</STRONG> (Thumb, 0 bytes, Stack size 0 bytes, startup_gd32l23x.o(.text))
<BR>[Address Reference Count : 1]<UL><LI> startup_gd32l23x.o(RESET)
</UL>
<P><STRONG><a name="[2d]"></a>I2C2_ER_IRQHandler</STRONG> (Thumb, 0 bytes, Stack size 0 bytes, startup_gd32l23x.o(.text))
<BR>[Address Reference Count : 1]<UL><LI> startup_gd32l23x.o(RESET)
</UL>
<P><STRONG><a name="[2c]"></a>I2C2_EV_IRQHandler</STRONG> (Thumb, 0 bytes, Stack size 0 bytes, startup_gd32l23x.o(.text))
<BR>[Address Reference Count : 1]<UL><LI> startup_gd32l23x.o(RESET)
</UL>
<P><STRONG><a name="[36]"></a>I2C2_WKUP_IRQHandler</STRONG> (Thumb, 0 bytes, Stack size 0 bytes, startup_gd32l23x.o(.text))
<BR>[Address Reference Count : 1]<UL><LI> startup_gd32l23x.o(RESET)
</UL>
<P><STRONG><a name="[3f]"></a>LPTIMER_IRQHandler</STRONG> (Thumb, 0 bytes, Stack size 0 bytes, startup_gd32l23x.o(.text))
<BR>[Address Reference Count : 1]<UL><LI> startup_gd32l23x.o(RESET)
</UL>
<P><STRONG><a name="[38]"></a>LPUART_IRQHandler</STRONG> (Thumb, 0 bytes, Stack size 0 bytes, startup_gd32l23x.o(.text))
<BR>[Address Reference Count : 1]<UL><LI> startup_gd32l23x.o(RESET)
</UL>
<P><STRONG><a name="[3e]"></a>LPUART_WKUP_IRQHandler</STRONG> (Thumb, 0 bytes, Stack size 0 bytes, startup_gd32l23x.o(.text))
<BR>[Address Reference Count : 1]<UL><LI> startup_gd32l23x.o(RESET)
</UL>
<P><STRONG><a name="[7]"></a>LVD_IRQHandler</STRONG> (Thumb, 0 bytes, Stack size 0 bytes, startup_gd32l23x.o(.text))
<BR>[Address Reference Count : 1]<UL><LI> startup_gd32l23x.o(RESET)
</UL>
<P><STRONG><a name="[b]"></a>RCU_CTC_IRQHandler</STRONG> (Thumb, 0 bytes, Stack size 0 bytes, startup_gd32l23x.o(.text))
<BR>[Address Reference Count : 1]<UL><LI> startup_gd32l23x.o(RESET)
</UL>
<P><STRONG><a name="[2e]"></a>RTC_Alarm_IRQHandler</STRONG> (Thumb, 0 bytes, Stack size 0 bytes, startup_gd32l23x.o(.text))
<BR>[Address Reference Count : 1]<UL><LI> startup_gd32l23x.o(RESET)
</UL>
<P><STRONG><a name="[9]"></a>RTC_WKUP_IRQHandler</STRONG> (Thumb, 0 bytes, Stack size 0 bytes, startup_gd32l23x.o(.text))
<BR>[Address Reference Count : 1]<UL><LI> startup_gd32l23x.o(RESET)
</UL>
<P><STRONG><a name="[3b]"></a>SLCD_IRQHandler</STRONG> (Thumb, 0 bytes, Stack size 0 bytes, startup_gd32l23x.o(.text))
<BR>[Address Reference Count : 1]<UL><LI> startup_gd32l23x.o(RESET)
</UL>
<P><STRONG><a name="[29]"></a>SPI0_IRQHandler</STRONG> (Thumb, 0 bytes, Stack size 0 bytes, startup_gd32l23x.o(.text))
<BR>[Address Reference Count : 1]<UL><LI> startup_gd32l23x.o(RESET)
</UL>
<P><STRONG><a name="[2a]"></a>SPI1_IRQHandler</STRONG> (Thumb, 0 bytes, Stack size 0 bytes, startup_gd32l23x.o(.text))
<BR>[Address Reference Count : 1]<UL><LI> startup_gd32l23x.o(RESET)
</UL>
<P><STRONG><a name="[8]"></a>TAMPER_STAMP_IRQHandler</STRONG> (Thumb, 0 bytes, Stack size 0 bytes, startup_gd32l23x.o(.text))
<BR>[Address Reference Count : 1]<UL><LI> startup_gd32l23x.o(RESET)
</UL>
<P><STRONG><a name="[1e]"></a>TIMER11_IRQHandler</STRONG> (Thumb, 0 bytes, Stack size 0 bytes, startup_gd32l23x.o(.text))
<BR>[Address Reference Count : 1]<UL><LI> startup_gd32l23x.o(RESET)
</UL>
<P><STRONG><a name="[1b]"></a>TIMER1_IRQHandler</STRONG> (Thumb, 0 bytes, Stack size 0 bytes, startup_gd32l23x.o(.text))
<BR>[Address Reference Count : 1]<UL><LI> startup_gd32l23x.o(RESET)
</UL>
<P><STRONG><a name="[1c]"></a>TIMER2_IRQHandler</STRONG> (Thumb, 0 bytes, Stack size 0 bytes, startup_gd32l23x.o(.text))
<BR>[Address Reference Count : 1]<UL><LI> startup_gd32l23x.o(RESET)
</UL>
<P><STRONG><a name="[1f]"></a>TIMER5_IRQHandler</STRONG> (Thumb, 0 bytes, Stack size 0 bytes, startup_gd32l23x.o(.text))
<BR>[Address Reference Count : 1]<UL><LI> startup_gd32l23x.o(RESET)
</UL>
<P><STRONG><a name="[20]"></a>TIMER6_IRQHandler</STRONG> (Thumb, 0 bytes, Stack size 0 bytes, startup_gd32l23x.o(.text))
<BR>[Address Reference Count : 1]<UL><LI> startup_gd32l23x.o(RESET)
</UL>
<P><STRONG><a name="[1d]"></a>TIMER8_IRQHandler</STRONG> (Thumb, 0 bytes, Stack size 0 bytes, startup_gd32l23x.o(.text))
<BR>[Address Reference Count : 1]<UL><LI> startup_gd32l23x.o(RESET)
</UL>
<P><STRONG><a name="[3a]"></a>TRNG_IRQHandler</STRONG> (Thumb, 0 bytes, Stack size 0 bytes, startup_gd32l23x.o(.text))
<BR>[Address Reference Count : 1]<UL><LI> startup_gd32l23x.o(RESET)
</UL>
<P><STRONG><a name="[23]"></a>UART3_IRQHandler</STRONG> (Thumb, 0 bytes, Stack size 0 bytes, startup_gd32l23x.o(.text))
<BR>[Address Reference Count : 1]<UL><LI> startup_gd32l23x.o(RESET)
</UL>
<P><STRONG><a name="[24]"></a>UART4_IRQHandler</STRONG> (Thumb, 0 bytes, Stack size 0 bytes, startup_gd32l23x.o(.text))
<BR>[Address Reference Count : 1]<UL><LI> startup_gd32l23x.o(RESET)
</UL>
<P><STRONG><a name="[21]"></a>USART0_IRQHandler</STRONG> (Thumb, 0 bytes, Stack size 0 bytes, startup_gd32l23x.o(.text))
<BR>[Address Reference Count : 1]<UL><LI> startup_gd32l23x.o(RESET)
</UL>
<P><STRONG><a name="[37]"></a>USART0_WKUP_IRQHandler</STRONG> (Thumb, 0 bytes, Stack size 0 bytes, startup_gd32l23x.o(.text))
<BR>[Address Reference Count : 1]<UL><LI> startup_gd32l23x.o(RESET)
</UL>
<P><STRONG><a name="[3c]"></a>USART1_WKUP_IRQHandler</STRONG> (Thumb, 0 bytes, Stack size 0 bytes, startup_gd32l23x.o(.text))
<BR>[Address Reference Count : 1]<UL><LI> startup_gd32l23x.o(RESET)
</UL>
<P><STRONG><a name="[19]"></a>USBD_HP_IRQHandler</STRONG> (Thumb, 0 bytes, Stack size 0 bytes, startup_gd32l23x.o(.text))
<BR>[Address Reference Count : 1]<UL><LI> startup_gd32l23x.o(RESET)
</UL>
<P><STRONG><a name="[1a]"></a>USBD_LP_IRQHandler</STRONG> (Thumb, 0 bytes, Stack size 0 bytes, startup_gd32l23x.o(.text))
<BR>[Address Reference Count : 1]<UL><LI> startup_gd32l23x.o(RESET)
</UL>
<P><STRONG><a name="[2f]"></a>USBD_WKUP_IRQHandler</STRONG> (Thumb, 0 bytes, Stack size 0 bytes, startup_gd32l23x.o(.text))
<BR>[Address Reference Count : 1]<UL><LI> startup_gd32l23x.o(RESET)
</UL>
<P><STRONG><a name="[6]"></a>WWDGT_IRQHandler</STRONG> (Thumb, 0 bytes, Stack size 0 bytes, startup_gd32l23x.o(.text))
<BR>[Address Reference Count : 1]<UL><LI> startup_gd32l23x.o(RESET)
</UL>
<P><STRONG><a name="[46]"></a>__aeabi_fadd</STRONG> (Thumb, 162 bytes, Stack size 24 bytes, fadd.o(.text))
<BR><BR>[Stack]<UL><LI>Max Depth = 36<LI>Call Chain = __aeabi_fadd &rArr; _float_epilogue
</UL>
<BR>[Calls]<UL><LI><a href="#[48]">&gt;&gt;</a>&nbsp;&nbsp;&nbsp;_float_round
<LI><a href="#[47]">&gt;&gt;</a>&nbsp;&nbsp;&nbsp;_float_epilogue
</UL>
<BR>[Called By]<UL><LI><a href="#[87]">&gt;&gt;</a>&nbsp;&nbsp;&nbsp;format_float_2
<LI><a href="#[4a]">&gt;&gt;</a>&nbsp;&nbsp;&nbsp;__aeabi_frsub
<LI><a href="#[49]">&gt;&gt;</a>&nbsp;&nbsp;&nbsp;__aeabi_fsub
</UL>

<P><STRONG><a name="[49]"></a>__aeabi_fsub</STRONG> (Thumb, 8 bytes, Stack size 0 bytes, fadd.o(.text), UNUSED)
<BR><BR>[Calls]<UL><LI><a href="#[46]">&gt;&gt;</a>&nbsp;&nbsp;&nbsp;__aeabi_fadd
</UL>

<P><STRONG><a name="[4a]"></a>__aeabi_frsub</STRONG> (Thumb, 8 bytes, Stack size 0 bytes, fadd.o(.text), UNUSED)
<BR><BR>[Calls]<UL><LI><a href="#[46]">&gt;&gt;</a>&nbsp;&nbsp;&nbsp;__aeabi_fadd
</UL>

<P><STRONG><a name="[89]"></a>__aeabi_fmul</STRONG> (Thumb, 122 bytes, Stack size 16 bytes, fmul.o(.text))
<BR><BR>[Stack]<UL><LI>Max Depth = 16<LI>Call Chain = __aeabi_fmul
</UL>
<BR>[Called By]<UL><LI><a href="#[87]">&gt;&gt;</a>&nbsp;&nbsp;&nbsp;format_float_2
</UL>

<P><STRONG><a name="[88]"></a>__aeabi_fcmpge</STRONG> (Thumb, 28 bytes, Stack size 0 bytes, fcmpge.o(.text))
<BR><BR>[Called By]<UL><LI><a href="#[87]">&gt;&gt;</a>&nbsp;&nbsp;&nbsp;format_float_2
</UL>

<P><STRONG><a name="[8a]"></a>__aeabi_f2iz</STRONG> (Thumb, 50 bytes, Stack size 0 bytes, ffixi.o(.text))
<BR><BR>[Called By]<UL><LI><a href="#[87]">&gt;&gt;</a>&nbsp;&nbsp;&nbsp;format_float_2
</UL>

<P><STRONG><a name="[4b]"></a>__aeabi_uldivmod</STRONG> (Thumb, 96 bytes, Stack size 48 bytes, uldiv.o(.text), UNUSED)
<BR><BR>[Calls]<UL><LI><a href="#[4c]">&gt;&gt;</a>&nbsp;&nbsp;&nbsp;__aeabi_llsr
<LI><a href="#[4d]">&gt;&gt;</a>&nbsp;&nbsp;&nbsp;__aeabi_llsl
</UL>
<BR>[Called By]<UL><LI><a href="#[a1]">&gt;&gt;</a>&nbsp;&nbsp;&nbsp;_printf_core
<LI><a href="#[a2]">&gt;&gt;</a>&nbsp;&nbsp;&nbsp;_fp_digits
</UL>

<P><STRONG><a name="[ad]"></a>__I$use$fp</STRONG> (Thumb, 0 bytes, Stack size 0 bytes, iusefp.o(.text), UNUSED)

<P><STRONG><a name="[48]"></a>_float_round</STRONG> (Thumb, 16 bytes, Stack size 0 bytes, fepilogue.o(.text))
<BR><BR>[Called By]<UL><LI><a href="#[46]">&gt;&gt;</a>&nbsp;&nbsp;&nbsp;__aeabi_fadd
</UL>

<P><STRONG><a name="[47]"></a>_float_epilogue</STRONG> (Thumb, 114 bytes, Stack size 12 bytes, fepilogue.o(.text))
<BR><BR>[Stack]<UL><LI>Max Depth = 12<LI>Call Chain = _float_epilogue
</UL>
<BR>[Called By]<UL><LI><a href="#[46]">&gt;&gt;</a>&nbsp;&nbsp;&nbsp;__aeabi_fadd
</UL>

<P><STRONG><a name="[4e]"></a>__aeabi_dadd</STRONG> (Thumb, 328 bytes, Stack size 48 bytes, dadd.o(.text), UNUSED)
<BR><BR>[Calls]<UL><LI><a href="#[4f]">&gt;&gt;</a>&nbsp;&nbsp;&nbsp;__aeabi_lasr
<LI><a href="#[4d]">&gt;&gt;</a>&nbsp;&nbsp;&nbsp;__aeabi_llsl
<LI><a href="#[51]">&gt;&gt;</a>&nbsp;&nbsp;&nbsp;_double_round
<LI><a href="#[50]">&gt;&gt;</a>&nbsp;&nbsp;&nbsp;_double_epilogue
</UL>
<BR>[Called By]<UL><LI><a href="#[53]">&gt;&gt;</a>&nbsp;&nbsp;&nbsp;__aeabi_drsub
<LI><a href="#[52]">&gt;&gt;</a>&nbsp;&nbsp;&nbsp;__aeabi_dsub
<LI><a href="#[a2]">&gt;&gt;</a>&nbsp;&nbsp;&nbsp;_fp_digits
</UL>

<P><STRONG><a name="[52]"></a>__aeabi_dsub</STRONG> (Thumb, 12 bytes, Stack size 8 bytes, dadd.o(.text), UNUSED)
<BR><BR>[Calls]<UL><LI><a href="#[4e]">&gt;&gt;</a>&nbsp;&nbsp;&nbsp;__aeabi_dadd
</UL>

<P><STRONG><a name="[53]"></a>__aeabi_drsub</STRONG> (Thumb, 12 bytes, Stack size 8 bytes, dadd.o(.text), UNUSED)
<BR><BR>[Calls]<UL><LI><a href="#[4e]">&gt;&gt;</a>&nbsp;&nbsp;&nbsp;__aeabi_dadd
</UL>

<P><STRONG><a name="[54]"></a>__aeabi_dmul</STRONG> (Thumb, 202 bytes, Stack size 72 bytes, dmul.o(.text), UNUSED)
<BR><BR>[Calls]<UL><LI><a href="#[50]">&gt;&gt;</a>&nbsp;&nbsp;&nbsp;_double_epilogue
</UL>
<BR>[Called By]<UL><LI><a href="#[a2]">&gt;&gt;</a>&nbsp;&nbsp;&nbsp;_fp_digits
</UL>

<P><STRONG><a name="[55]"></a>__aeabi_ddiv</STRONG> (Thumb, 234 bytes, Stack size 40 bytes, ddiv.o(.text), UNUSED)
<BR><BR>[Calls]<UL><LI><a href="#[51]">&gt;&gt;</a>&nbsp;&nbsp;&nbsp;_double_round
</UL>
<BR>[Called By]<UL><LI><a href="#[a2]">&gt;&gt;</a>&nbsp;&nbsp;&nbsp;_fp_digits
</UL>

<P><STRONG><a name="[56]"></a>__aeabi_d2ulz</STRONG> (Thumb, 54 bytes, Stack size 8 bytes, dfixul.o(.text), UNUSED)
<BR><BR>[Calls]<UL><LI><a href="#[4c]">&gt;&gt;</a>&nbsp;&nbsp;&nbsp;__aeabi_llsr
<LI><a href="#[4d]">&gt;&gt;</a>&nbsp;&nbsp;&nbsp;__aeabi_llsl
</UL>
<BR>[Called By]<UL><LI><a href="#[a2]">&gt;&gt;</a>&nbsp;&nbsp;&nbsp;_fp_digits
</UL>

<P><STRONG><a name="[a3]"></a>__aeabi_cdrcmple</STRONG> (Thumb, 38 bytes, Stack size 0 bytes, cdrcmple.o(.text), UNUSED)
<BR><BR>[Called By]<UL><LI><a href="#[a2]">&gt;&gt;</a>&nbsp;&nbsp;&nbsp;_fp_digits
</UL>

<P><STRONG><a name="[45]"></a>__scatterload</STRONG> (Thumb, 38 bytes, Stack size 0 bytes, init.o(.text))
<BR><BR>[Calls]<UL><LI><a href="#[57]">&gt;&gt;</a>&nbsp;&nbsp;&nbsp;__main_after_scatterload
</UL>
<BR>[Called By]<UL><LI><a href="#[44]">&gt;&gt;</a>&nbsp;&nbsp;&nbsp;_main_scatterload
</UL>

<P><STRONG><a name="[ae]"></a>__scatterload_rt2</STRONG> (Thumb, 0 bytes, Stack size 0 bytes, init.o(.text), UNUSED)

<P><STRONG><a name="[af]"></a>__aeabi_uidiv$div0</STRONG> (Thumb, 0 bytes, Stack size 16 bytes, uidiv_div0.o(.text), UNUSED)

<P><STRONG><a name="[a6]"></a>__aeabi_uidivmod</STRONG> (Thumb, 62 bytes, Stack size 16 bytes, uidiv_div0.o(.text), UNUSED)
<BR><BR>[Called By]<UL><LI><a href="#[a1]">&gt;&gt;</a>&nbsp;&nbsp;&nbsp;_printf_core
</UL>

<P><STRONG><a name="[4d]"></a>__aeabi_llsl</STRONG> (Thumb, 32 bytes, Stack size 8 bytes, llshl.o(.text), UNUSED)
<BR><BR>[Called By]<UL><LI><a href="#[50]">&gt;&gt;</a>&nbsp;&nbsp;&nbsp;_double_epilogue
<LI><a href="#[4b]">&gt;&gt;</a>&nbsp;&nbsp;&nbsp;__aeabi_uldivmod
<LI><a href="#[4e]">&gt;&gt;</a>&nbsp;&nbsp;&nbsp;__aeabi_dadd
<LI><a href="#[56]">&gt;&gt;</a>&nbsp;&nbsp;&nbsp;__aeabi_d2ulz
</UL>

<P><STRONG><a name="[b0]"></a>_ll_shift_l</STRONG> (Thumb, 0 bytes, Stack size 8 bytes, llshl.o(.text), UNUSED)

<P><STRONG><a name="[4c]"></a>__aeabi_llsr</STRONG> (Thumb, 34 bytes, Stack size 8 bytes, llushr.o(.text), UNUSED)
<BR><BR>[Called By]<UL><LI><a href="#[50]">&gt;&gt;</a>&nbsp;&nbsp;&nbsp;_double_epilogue
<LI><a href="#[4b]">&gt;&gt;</a>&nbsp;&nbsp;&nbsp;__aeabi_uldivmod
<LI><a href="#[56]">&gt;&gt;</a>&nbsp;&nbsp;&nbsp;__aeabi_d2ulz
</UL>

<P><STRONG><a name="[b1]"></a>_ll_ushift_r</STRONG> (Thumb, 0 bytes, Stack size 8 bytes, llushr.o(.text), UNUSED)

<P><STRONG><a name="[4f]"></a>__aeabi_lasr</STRONG> (Thumb, 38 bytes, Stack size 8 bytes, llsshr.o(.text), UNUSED)
<BR><BR>[Called By]<UL><LI><a href="#[4e]">&gt;&gt;</a>&nbsp;&nbsp;&nbsp;__aeabi_dadd
</UL>

<P><STRONG><a name="[b2]"></a>_ll_sshift_r</STRONG> (Thumb, 0 bytes, Stack size 8 bytes, llsshr.o(.text), UNUSED)

<P><STRONG><a name="[51]"></a>_double_round</STRONG> (Thumb, 26 bytes, Stack size 8 bytes, depilogue.o(.text), UNUSED)
<BR><BR>[Called By]<UL><LI><a href="#[50]">&gt;&gt;</a>&nbsp;&nbsp;&nbsp;_double_epilogue
<LI><a href="#[55]">&gt;&gt;</a>&nbsp;&nbsp;&nbsp;__aeabi_ddiv
<LI><a href="#[4e]">&gt;&gt;</a>&nbsp;&nbsp;&nbsp;__aeabi_dadd
</UL>

<P><STRONG><a name="[50]"></a>_double_epilogue</STRONG> (Thumb, 164 bytes, Stack size 48 bytes, depilogue.o(.text), UNUSED)
<BR><BR>[Calls]<UL><LI><a href="#[58]">&gt;&gt;</a>&nbsp;&nbsp;&nbsp;__ARM_clz
<LI><a href="#[4c]">&gt;&gt;</a>&nbsp;&nbsp;&nbsp;__aeabi_llsr
<LI><a href="#[4d]">&gt;&gt;</a>&nbsp;&nbsp;&nbsp;__aeabi_llsl
<LI><a href="#[51]">&gt;&gt;</a>&nbsp;&nbsp;&nbsp;_double_round
</UL>
<BR>[Called By]<UL><LI><a href="#[54]">&gt;&gt;</a>&nbsp;&nbsp;&nbsp;__aeabi_dmul
<LI><a href="#[4e]">&gt;&gt;</a>&nbsp;&nbsp;&nbsp;__aeabi_dadd
</UL>

<P><STRONG><a name="[59]"></a>Clock_Motor</STRONG> (Thumb, 72 bytes, Stack size 16 bytes, motor.o(.text.Clock_Motor))
<BR><BR>[Stack]<UL><LI>Max Depth = 44<LI>Call Chain = Clock_Motor &rArr; gpio_mode_set
</UL>
<BR>[Calls]<UL><LI><a href="#[5a]">&gt;&gt;</a>&nbsp;&nbsp;&nbsp;rcu_periph_clock_enable
<LI><a href="#[5b]">&gt;&gt;</a>&nbsp;&nbsp;&nbsp;gpio_mode_set
</UL>
<BR>[Called By]<UL><LI><a href="#[40]">&gt;&gt;</a>&nbsp;&nbsp;&nbsp;main
</UL>

<P><STRONG><a name="[5c]"></a>EPD_Dis_PartAll</STRONG> (Thumb, 116 bytes, Stack size 40 bytes, display_epd_w21.o(.text.EPD_Dis_PartAll))
<BR><BR>[Stack]<UL><LI>Max Depth = 104<LI>Call Chain = EPD_Dis_PartAll &rArr; EPD_Part_Update &rArr; EPD_W21_WriteDATA &rArr; SPI_Write &rArr; gpio_bit_reset
</UL>
<BR>[Calls]<UL><LI><a href="#[5d]">&gt;&gt;</a>&nbsp;&nbsp;&nbsp;gpio_bit_reset
<LI><a href="#[5f]">&gt;&gt;</a>&nbsp;&nbsp;&nbsp;gpio_bit_set
<LI><a href="#[62]">&gt;&gt;</a>&nbsp;&nbsp;&nbsp;EPD_Part_Update
<LI><a href="#[61]">&gt;&gt;</a>&nbsp;&nbsp;&nbsp;EPD_W21_WriteDATA
<LI><a href="#[60]">&gt;&gt;</a>&nbsp;&nbsp;&nbsp;EPD_W21_WriteCMD
<LI><a href="#[5e]">&gt;&gt;</a>&nbsp;&nbsp;&nbsp;delay_xms
</UL>
<BR>[Called By]<UL><LI><a href="#[83]">&gt;&gt;</a>&nbsp;&nbsp;&nbsp;display_sensor_data
</UL>

<P><STRONG><a name="[63]"></a>EPD_GPIO_Init</STRONG> (Thumb, 60 bytes, Stack size 24 bytes, display_epd_w21_spi.o(.text.EPD_GPIO_Init))
<BR><BR>[Stack]<UL><LI>Max Depth = 52<LI>Call Chain = EPD_GPIO_Init &rArr; gpio_mode_set
</UL>
<BR>[Calls]<UL><LI><a href="#[5a]">&gt;&gt;</a>&nbsp;&nbsp;&nbsp;rcu_periph_clock_enable
<LI><a href="#[5b]">&gt;&gt;</a>&nbsp;&nbsp;&nbsp;gpio_mode_set
</UL>
<BR>[Called By]<UL><LI><a href="#[40]">&gt;&gt;</a>&nbsp;&nbsp;&nbsp;main
</UL>

<P><STRONG><a name="[64]"></a>EPD_HW_Init_GUI</STRONG> (Thumb, 224 bytes, Stack size 32 bytes, display_epd_w21.o(.text.EPD_HW_Init_GUI))
<BR><BR>[Stack]<UL><LI>Max Depth = 88<LI>Call Chain = EPD_HW_Init_GUI &rArr; EPD_W21_WriteDATA &rArr; SPI_Write &rArr; gpio_bit_reset
</UL>
<BR>[Calls]<UL><LI><a href="#[5d]">&gt;&gt;</a>&nbsp;&nbsp;&nbsp;gpio_bit_reset
<LI><a href="#[5f]">&gt;&gt;</a>&nbsp;&nbsp;&nbsp;gpio_bit_set
<LI><a href="#[61]">&gt;&gt;</a>&nbsp;&nbsp;&nbsp;EPD_W21_WriteDATA
<LI><a href="#[60]">&gt;&gt;</a>&nbsp;&nbsp;&nbsp;EPD_W21_WriteCMD
<LI><a href="#[65]">&gt;&gt;</a>&nbsp;&nbsp;&nbsp;Epaper_READBUSY
<LI><a href="#[5e]">&gt;&gt;</a>&nbsp;&nbsp;&nbsp;delay_xms
</UL>
<BR>[Called By]<UL><LI><a href="#[83]">&gt;&gt;</a>&nbsp;&nbsp;&nbsp;display_sensor_data
</UL>

<P><STRONG><a name="[62]"></a>EPD_Part_Update</STRONG> (Thumb, 26 bytes, Stack size 8 bytes, display_epd_w21.o(.text.EPD_Part_Update))
<BR><BR>[Stack]<UL><LI>Max Depth = 64<LI>Call Chain = EPD_Part_Update &rArr; EPD_W21_WriteDATA &rArr; SPI_Write &rArr; gpio_bit_reset
</UL>
<BR>[Calls]<UL><LI><a href="#[61]">&gt;&gt;</a>&nbsp;&nbsp;&nbsp;EPD_W21_WriteDATA
<LI><a href="#[60]">&gt;&gt;</a>&nbsp;&nbsp;&nbsp;EPD_W21_WriteCMD
<LI><a href="#[65]">&gt;&gt;</a>&nbsp;&nbsp;&nbsp;Epaper_READBUSY
</UL>
<BR>[Called By]<UL><LI><a href="#[5c]">&gt;&gt;</a>&nbsp;&nbsp;&nbsp;EPD_Dis_PartAll
</UL>

<P><STRONG><a name="[66]"></a>EPD_SetRAMValue_BaseMap</STRONG> (Thumb, 98 bytes, Stack size 16 bytes, display_epd_w21.o(.text.EPD_SetRAMValue_BaseMap))
<BR><BR>[Stack]<UL><LI>Max Depth = 80<LI>Call Chain = EPD_SetRAMValue_BaseMap &rArr; EPD_Update &rArr; EPD_W21_WriteDATA &rArr; SPI_Write &rArr; gpio_bit_reset
</UL>
<BR>[Calls]<UL><LI><a href="#[67]">&gt;&gt;</a>&nbsp;&nbsp;&nbsp;EPD_Update
<LI><a href="#[61]">&gt;&gt;</a>&nbsp;&nbsp;&nbsp;EPD_W21_WriteDATA
<LI><a href="#[60]">&gt;&gt;</a>&nbsp;&nbsp;&nbsp;EPD_W21_WriteCMD
</UL>
<BR>[Called By]<UL><LI><a href="#[83]">&gt;&gt;</a>&nbsp;&nbsp;&nbsp;display_sensor_data
</UL>

<P><STRONG><a name="[67]"></a>EPD_Update</STRONG> (Thumb, 26 bytes, Stack size 8 bytes, display_epd_w21.o(.text.EPD_Update))
<BR><BR>[Stack]<UL><LI>Max Depth = 64<LI>Call Chain = EPD_Update &rArr; EPD_W21_WriteDATA &rArr; SPI_Write &rArr; gpio_bit_reset
</UL>
<BR>[Calls]<UL><LI><a href="#[61]">&gt;&gt;</a>&nbsp;&nbsp;&nbsp;EPD_W21_WriteDATA
<LI><a href="#[60]">&gt;&gt;</a>&nbsp;&nbsp;&nbsp;EPD_W21_WriteCMD
<LI><a href="#[65]">&gt;&gt;</a>&nbsp;&nbsp;&nbsp;Epaper_READBUSY
</UL>
<BR>[Called By]<UL><LI><a href="#[66]">&gt;&gt;</a>&nbsp;&nbsp;&nbsp;EPD_SetRAMValue_BaseMap
</UL>

<P><STRONG><a name="[60]"></a>EPD_W21_WriteCMD</STRONG> (Thumb, 52 bytes, Stack size 24 bytes, display_epd_w21_spi.o(.text.EPD_W21_WriteCMD))
<BR><BR>[Stack]<UL><LI>Max Depth = 56<LI>Call Chain = EPD_W21_WriteCMD &rArr; SPI_Write &rArr; gpio_bit_reset
</UL>
<BR>[Calls]<UL><LI><a href="#[5d]">&gt;&gt;</a>&nbsp;&nbsp;&nbsp;gpio_bit_reset
<LI><a href="#[5f]">&gt;&gt;</a>&nbsp;&nbsp;&nbsp;gpio_bit_set
<LI><a href="#[68]">&gt;&gt;</a>&nbsp;&nbsp;&nbsp;SPI_Write
</UL>
<BR>[Called By]<UL><LI><a href="#[5c]">&gt;&gt;</a>&nbsp;&nbsp;&nbsp;EPD_Dis_PartAll
<LI><a href="#[66]">&gt;&gt;</a>&nbsp;&nbsp;&nbsp;EPD_SetRAMValue_BaseMap
<LI><a href="#[64]">&gt;&gt;</a>&nbsp;&nbsp;&nbsp;EPD_HW_Init_GUI
<LI><a href="#[62]">&gt;&gt;</a>&nbsp;&nbsp;&nbsp;EPD_Part_Update
<LI><a href="#[67]">&gt;&gt;</a>&nbsp;&nbsp;&nbsp;EPD_Update
</UL>

<P><STRONG><a name="[61]"></a>EPD_W21_WriteDATA</STRONG> (Thumb, 52 bytes, Stack size 24 bytes, display_epd_w21_spi.o(.text.EPD_W21_WriteDATA))
<BR><BR>[Stack]<UL><LI>Max Depth = 56<LI>Call Chain = EPD_W21_WriteDATA &rArr; SPI_Write &rArr; gpio_bit_reset
</UL>
<BR>[Calls]<UL><LI><a href="#[5d]">&gt;&gt;</a>&nbsp;&nbsp;&nbsp;gpio_bit_reset
<LI><a href="#[5f]">&gt;&gt;</a>&nbsp;&nbsp;&nbsp;gpio_bit_set
<LI><a href="#[68]">&gt;&gt;</a>&nbsp;&nbsp;&nbsp;SPI_Write
</UL>
<BR>[Called By]<UL><LI><a href="#[5c]">&gt;&gt;</a>&nbsp;&nbsp;&nbsp;EPD_Dis_PartAll
<LI><a href="#[66]">&gt;&gt;</a>&nbsp;&nbsp;&nbsp;EPD_SetRAMValue_BaseMap
<LI><a href="#[64]">&gt;&gt;</a>&nbsp;&nbsp;&nbsp;EPD_HW_Init_GUI
<LI><a href="#[62]">&gt;&gt;</a>&nbsp;&nbsp;&nbsp;EPD_Part_Update
<LI><a href="#[67]">&gt;&gt;</a>&nbsp;&nbsp;&nbsp;EPD_Update
</UL>

<P><STRONG><a name="[65]"></a>Epaper_READBUSY</STRONG> (Thumb, 24 bytes, Stack size 8 bytes, display_epd_w21.o(.text.Epaper_READBUSY))
<BR><BR>[Stack]<UL><LI>Max Depth = 20<LI>Call Chain = Epaper_READBUSY &rArr; gpio_input_bit_get
</UL>
<BR>[Calls]<UL><LI><a href="#[69]">&gt;&gt;</a>&nbsp;&nbsp;&nbsp;gpio_input_bit_get
</UL>
<BR>[Called By]<UL><LI><a href="#[64]">&gt;&gt;</a>&nbsp;&nbsp;&nbsp;EPD_HW_Init_GUI
<LI><a href="#[62]">&gt;&gt;</a>&nbsp;&nbsp;&nbsp;EPD_Part_Update
<LI><a href="#[67]">&gt;&gt;</a>&nbsp;&nbsp;&nbsp;EPD_Update
</UL>

<P><STRONG><a name="[2]"></a>HardFault_Handler</STRONG> (Thumb, 4 bytes, Stack size 0 bytes, gd32l23x_it.o(.text.HardFault_Handler))
<BR>[Address Reference Count : 1]<UL><LI> startup_gd32l23x.o(RESET)
</UL>
<P><STRONG><a name="[6a]"></a>Motor_Timer2_Init</STRONG> (Thumb, 336 bytes, Stack size 96 bytes, motor.o(.text.Motor_Timer2_Init))
<BR><BR>[Stack]<UL><LI>Max Depth = 224<LI>Call Chain = Motor_Timer2_Init &rArr; rcu_clock_freq_get
</UL>
<BR>[Calls]<UL><LI><a href="#[5a]">&gt;&gt;</a>&nbsp;&nbsp;&nbsp;rcu_periph_clock_enable
<LI><a href="#[6f]">&gt;&gt;</a>&nbsp;&nbsp;&nbsp;rcu_clock_freq_get
<LI><a href="#[6c]">&gt;&gt;</a>&nbsp;&nbsp;&nbsp;gpio_af_set
<LI><a href="#[6b]">&gt;&gt;</a>&nbsp;&nbsp;&nbsp;gpio_output_options_set
<LI><a href="#[5b]">&gt;&gt;</a>&nbsp;&nbsp;&nbsp;gpio_mode_set
<LI><a href="#[74]">&gt;&gt;</a>&nbsp;&nbsp;&nbsp;timer_channel_output_pulse_value_config
<LI><a href="#[73]">&gt;&gt;</a>&nbsp;&nbsp;&nbsp;timer_channel_output_mode_config
<LI><a href="#[72]">&gt;&gt;</a>&nbsp;&nbsp;&nbsp;timer_channel_output_config
<LI><a href="#[71]">&gt;&gt;</a>&nbsp;&nbsp;&nbsp;timer_channel_output_struct_para_init
<LI><a href="#[75]">&gt;&gt;</a>&nbsp;&nbsp;&nbsp;timer_enable
<LI><a href="#[70]">&gt;&gt;</a>&nbsp;&nbsp;&nbsp;timer_init
<LI><a href="#[6e]">&gt;&gt;</a>&nbsp;&nbsp;&nbsp;timer_struct_para_init
<LI><a href="#[6d]">&gt;&gt;</a>&nbsp;&nbsp;&nbsp;timer_deinit
</UL>
<BR>[Called By]<UL><LI><a href="#[40]">&gt;&gt;</a>&nbsp;&nbsp;&nbsp;main
</UL>

<P><STRONG><a name="[1]"></a>NMI_Handler</STRONG> (Thumb, 2 bytes, Stack size 0 bytes, gd32l23x_it.o(.text.NMI_Handler))
<BR>[Address Reference Count : 1]<UL><LI> startup_gd32l23x.o(RESET)
</UL>
<P><STRONG><a name="[86]"></a>Paint_Clear</STRONG> (Thumb, 104 bytes, Stack size 16 bytes, gui_paint.o(.text.Paint_Clear))
<BR><BR>[Stack]<UL><LI>Max Depth = 16<LI>Call Chain = Paint_Clear
</UL>
<BR>[Called By]<UL><LI><a href="#[84]">&gt;&gt;</a>&nbsp;&nbsp;&nbsp;draw_sensor_image
</UL>

<P><STRONG><a name="[76]"></a>Paint_DrawChar</STRONG> (Thumb, 364 bytes, Stack size 72 bytes, gui_paint.o(.text.Paint_DrawChar))
<BR><BR>[Stack]<UL><LI>Max Depth = 108<LI>Call Chain = Paint_DrawChar &rArr; Paint_SetPixel
</UL>
<BR>[Calls]<UL><LI><a href="#[77]">&gt;&gt;</a>&nbsp;&nbsp;&nbsp;Paint_SetPixel
</UL>
<BR>[Called By]<UL><LI><a href="#[79]">&gt;&gt;</a>&nbsp;&nbsp;&nbsp;Paint_DrawString_EN
</UL>

<P><STRONG><a name="[78]"></a>Paint_DrawString_CN</STRONG> (Thumb, 768 bytes, Stack size 72 bytes, gui_paint.o(.text.Paint_DrawString_CN))
<BR><BR>[Stack]<UL><LI>Max Depth = 108<LI>Call Chain = Paint_DrawString_CN &rArr; Paint_SetPixel
</UL>
<BR>[Calls]<UL><LI><a href="#[77]">&gt;&gt;</a>&nbsp;&nbsp;&nbsp;Paint_SetPixel
</UL>
<BR>[Called By]<UL><LI><a href="#[84]">&gt;&gt;</a>&nbsp;&nbsp;&nbsp;draw_sensor_image
</UL>

<P><STRONG><a name="[79]"></a>Paint_DrawString_EN</STRONG> (Thumb, 216 bytes, Stack size 64 bytes, gui_paint.o(.text.Paint_DrawString_EN))
<BR><BR>[Stack]<UL><LI>Max Depth = 172<LI>Call Chain = Paint_DrawString_EN &rArr; Paint_DrawChar &rArr; Paint_SetPixel
</UL>
<BR>[Calls]<UL><LI><a href="#[76]">&gt;&gt;</a>&nbsp;&nbsp;&nbsp;Paint_DrawChar
</UL>
<BR>[Called By]<UL><LI><a href="#[84]">&gt;&gt;</a>&nbsp;&nbsp;&nbsp;draw_sensor_image
</UL>

<P><STRONG><a name="[85]"></a>Paint_NewImage</STRONG> (Thumb, 144 bytes, Stack size 40 bytes, gui_paint.o(.text.Paint_NewImage))
<BR><BR>[Stack]<UL><LI>Max Depth = 40<LI>Call Chain = Paint_NewImage
</UL>
<BR>[Called By]<UL><LI><a href="#[84]">&gt;&gt;</a>&nbsp;&nbsp;&nbsp;draw_sensor_image
</UL>

<P><STRONG><a name="[77]"></a>Paint_SetPixel</STRONG> (Thumb, 396 bytes, Stack size 36 bytes, gui_paint.o(.text.Paint_SetPixel))
<BR><BR>[Stack]<UL><LI>Max Depth = 36<LI>Call Chain = Paint_SetPixel
</UL>
<BR>[Called By]<UL><LI><a href="#[78]">&gt;&gt;</a>&nbsp;&nbsp;&nbsp;Paint_DrawString_CN
<LI><a href="#[76]">&gt;&gt;</a>&nbsp;&nbsp;&nbsp;Paint_DrawChar
</UL>

<P><STRONG><a name="[4]"></a>PendSV_Handler</STRONG> (Thumb, 2 bytes, Stack size 0 bytes, gd32l23x_it.o(.text.PendSV_Handler))
<BR>[Address Reference Count : 1]<UL><LI> startup_gd32l23x.o(RESET)
</UL>
<P><STRONG><a name="[68]"></a>SPI_Write</STRONG> (Thumb, 118 bytes, Stack size 24 bytes, display_epd_w21_spi.o(.text.SPI_Write))
<BR><BR>[Stack]<UL><LI>Max Depth = 32<LI>Call Chain = SPI_Write &rArr; gpio_bit_reset
</UL>
<BR>[Calls]<UL><LI><a href="#[5d]">&gt;&gt;</a>&nbsp;&nbsp;&nbsp;gpio_bit_reset
<LI><a href="#[5f]">&gt;&gt;</a>&nbsp;&nbsp;&nbsp;gpio_bit_set
</UL>
<BR>[Called By]<UL><LI><a href="#[61]">&gt;&gt;</a>&nbsp;&nbsp;&nbsp;EPD_W21_WriteDATA
<LI><a href="#[60]">&gt;&gt;</a>&nbsp;&nbsp;&nbsp;EPD_W21_WriteCMD
</UL>

<P><STRONG><a name="[3]"></a>SVC_Handler</STRONG> (Thumb, 2 bytes, Stack size 0 bytes, gd32l23x_it.o(.text.SVC_Handler))
<BR>[Address Reference Count : 1]<UL><LI> startup_gd32l23x.o(RESET)
</UL>
<P><STRONG><a name="[5]"></a>SysTick_Handler</STRONG> (Thumb, 8 bytes, Stack size 8 bytes, gd32l23x_it.o(.text.SysTick_Handler))
<BR><BR>[Stack]<UL><LI>Max Depth = 8<LI>Call Chain = SysTick_Handler
</UL>
<BR>[Calls]<UL><LI><a href="#[7c]">&gt;&gt;</a>&nbsp;&nbsp;&nbsp;delay_decrement
</UL>
<BR>[Address Reference Count : 1]<UL><LI> startup_gd32l23x.o(RESET)
</UL>
<P><STRONG><a name="[41]"></a>SystemInit</STRONG> (Thumb, 124 bytes, Stack size 16 bytes, system_gd32l23x.o(.text.SystemInit))
<BR><BR>[Stack]<UL><LI>Max Depth = 44<LI>Call Chain = SystemInit &rArr; system_clock_config &rArr; system_clock_8m_hxtal
</UL>
<BR>[Calls]<UL><LI><a href="#[7e]">&gt;&gt;</a>&nbsp;&nbsp;&nbsp;nvic_vector_table_set
<LI><a href="#[7d]">&gt;&gt;</a>&nbsp;&nbsp;&nbsp;system_clock_config
</UL>
<BR>[Address Reference Count : 1]<UL><LI> startup_gd32l23x.o(.text)
</UL>
<P><STRONG><a name="[22]"></a>USART1_IRQHandler</STRONG> (Thumb, 52 bytes, Stack size 8 bytes, uart.o(.text.USART1_IRQHandler))
<BR><BR>[Stack]<UL><LI>Max Depth = 100<LI>Call Chain = USART1_IRQHandler &rArr; usart1_receive_byte &rArr; parse_sensor_frame &rArr; read_float_be
</UL>
<BR>[Calls]<UL><LI><a href="#[82]">&gt;&gt;</a>&nbsp;&nbsp;&nbsp;usart_interrupt_flag_clear
<LI><a href="#[7f]">&gt;&gt;</a>&nbsp;&nbsp;&nbsp;usart_interrupt_flag_get
<LI><a href="#[80]">&gt;&gt;</a>&nbsp;&nbsp;&nbsp;usart_data_receive
<LI><a href="#[81]">&gt;&gt;</a>&nbsp;&nbsp;&nbsp;usart1_receive_byte
</UL>
<BR>[Address Reference Count : 1]<UL><LI> startup_gd32l23x.o(RESET)
</UL>
<P><STRONG><a name="[7c]"></a>delay_decrement</STRONG> (Thumb, 20 bytes, Stack size 0 bytes, systick.o(.text.delay_decrement))
<BR><BR>[Called By]<UL><LI><a href="#[5]">&gt;&gt;</a>&nbsp;&nbsp;&nbsp;SysTick_Handler
</UL>

<P><STRONG><a name="[5e]"></a>delay_xms</STRONG> (Thumb, 40 bytes, Stack size 8 bytes, display_epd_w21.o(.text.delay_xms))
<BR><BR>[Stack]<UL><LI>Max Depth = 8<LI>Call Chain = delay_xms
</UL>
<BR>[Called By]<UL><LI><a href="#[5c]">&gt;&gt;</a>&nbsp;&nbsp;&nbsp;EPD_Dis_PartAll
<LI><a href="#[64]">&gt;&gt;</a>&nbsp;&nbsp;&nbsp;EPD_HW_Init_GUI
</UL>

<P><STRONG><a name="[6c]"></a>gpio_af_set</STRONG> (Thumb, 192 bytes, Stack size 24 bytes, gd32l23x_gpio.o(.text.gpio_af_set))
<BR><BR>[Stack]<UL><LI>Max Depth = 24<LI>Call Chain = gpio_af_set
</UL>
<BR>[Called By]<UL><LI><a href="#[6a]">&gt;&gt;</a>&nbsp;&nbsp;&nbsp;Motor_Timer2_Init
<LI><a href="#[8d]">&gt;&gt;</a>&nbsp;&nbsp;&nbsp;usart_config
</UL>

<P><STRONG><a name="[5d]"></a>gpio_bit_reset</STRONG> (Thumb, 16 bytes, Stack size 8 bytes, gd32l23x_gpio.o(.text.gpio_bit_reset))
<BR><BR>[Stack]<UL><LI>Max Depth = 8<LI>Call Chain = gpio_bit_reset
</UL>
<BR>[Called By]<UL><LI><a href="#[5c]">&gt;&gt;</a>&nbsp;&nbsp;&nbsp;EPD_Dis_PartAll
<LI><a href="#[64]">&gt;&gt;</a>&nbsp;&nbsp;&nbsp;EPD_HW_Init_GUI
<LI><a href="#[68]">&gt;&gt;</a>&nbsp;&nbsp;&nbsp;SPI_Write
<LI><a href="#[61]">&gt;&gt;</a>&nbsp;&nbsp;&nbsp;EPD_W21_WriteDATA
<LI><a href="#[60]">&gt;&gt;</a>&nbsp;&nbsp;&nbsp;EPD_W21_WriteCMD
</UL>

<P><STRONG><a name="[5f]"></a>gpio_bit_set</STRONG> (Thumb, 16 bytes, Stack size 8 bytes, gd32l23x_gpio.o(.text.gpio_bit_set))
<BR><BR>[Stack]<UL><LI>Max Depth = 8<LI>Call Chain = gpio_bit_set
</UL>
<BR>[Called By]<UL><LI><a href="#[5c]">&gt;&gt;</a>&nbsp;&nbsp;&nbsp;EPD_Dis_PartAll
<LI><a href="#[64]">&gt;&gt;</a>&nbsp;&nbsp;&nbsp;EPD_HW_Init_GUI
<LI><a href="#[68]">&gt;&gt;</a>&nbsp;&nbsp;&nbsp;SPI_Write
<LI><a href="#[61]">&gt;&gt;</a>&nbsp;&nbsp;&nbsp;EPD_W21_WriteDATA
<LI><a href="#[60]">&gt;&gt;</a>&nbsp;&nbsp;&nbsp;EPD_W21_WriteCMD
</UL>

<P><STRONG><a name="[69]"></a>gpio_input_bit_get</STRONG> (Thumb, 42 bytes, Stack size 12 bytes, gd32l23x_gpio.o(.text.gpio_input_bit_get))
<BR><BR>[Stack]<UL><LI>Max Depth = 12<LI>Call Chain = gpio_input_bit_get
</UL>
<BR>[Called By]<UL><LI><a href="#[65]">&gt;&gt;</a>&nbsp;&nbsp;&nbsp;Epaper_READBUSY
</UL>

<P><STRONG><a name="[5b]"></a>gpio_mode_set</STRONG> (Thumb, 142 bytes, Stack size 28 bytes, gd32l23x_gpio.o(.text.gpio_mode_set))
<BR><BR>[Stack]<UL><LI>Max Depth = 28<LI>Call Chain = gpio_mode_set
</UL>
<BR>[Called By]<UL><LI><a href="#[63]">&gt;&gt;</a>&nbsp;&nbsp;&nbsp;EPD_GPIO_Init
<LI><a href="#[6a]">&gt;&gt;</a>&nbsp;&nbsp;&nbsp;Motor_Timer2_Init
<LI><a href="#[8d]">&gt;&gt;</a>&nbsp;&nbsp;&nbsp;usart_config
<LI><a href="#[59]">&gt;&gt;</a>&nbsp;&nbsp;&nbsp;Clock_Motor
</UL>

<P><STRONG><a name="[6b]"></a>gpio_output_options_set</STRONG> (Thumb, 138 bytes, Stack size 32 bytes, gd32l23x_gpio.o(.text.gpio_output_options_set))
<BR><BR>[Stack]<UL><LI>Max Depth = 32<LI>Call Chain = gpio_output_options_set
</UL>
<BR>[Called By]<UL><LI><a href="#[6a]">&gt;&gt;</a>&nbsp;&nbsp;&nbsp;Motor_Timer2_Init
<LI><a href="#[8d]">&gt;&gt;</a>&nbsp;&nbsp;&nbsp;usart_config
</UL>

<P><STRONG><a name="[40]"></a>main</STRONG> (Thumb, 58 bytes, Stack size 56 bytes, main.o(.text.main))
<BR><BR>[Stack]<UL><LI>Max Depth = 316<LI>Call Chain = main &rArr; display_sensor_data &rArr; draw_sensor_image &rArr; Paint_DrawString_EN &rArr; Paint_DrawChar &rArr; Paint_SetPixel
</UL>
<BR>[Calls]<UL><LI><a href="#[8e]">&gt;&gt;</a>&nbsp;&nbsp;&nbsp;uart_sensor_data_get
<LI><a href="#[63]">&gt;&gt;</a>&nbsp;&nbsp;&nbsp;EPD_GPIO_Init
<LI><a href="#[6a]">&gt;&gt;</a>&nbsp;&nbsp;&nbsp;Motor_Timer2_Init
<LI><a href="#[8d]">&gt;&gt;</a>&nbsp;&nbsp;&nbsp;usart_config
<LI><a href="#[59]">&gt;&gt;</a>&nbsp;&nbsp;&nbsp;Clock_Motor
<LI><a href="#[8c]">&gt;&gt;</a>&nbsp;&nbsp;&nbsp;systick_config
<LI><a href="#[83]">&gt;&gt;</a>&nbsp;&nbsp;&nbsp;display_sensor_data
</UL>
<BR>[Address Reference Count : 1]<UL><LI> entry9a.o(.ARM.Collect$$$$0000000B)
</UL>
<P><STRONG><a name="[8f]"></a>nvic_irq_enable</STRONG> (Thumb, 44 bytes, Stack size 24 bytes, gd32l23x_misc.o(.text.nvic_irq_enable))
<BR><BR>[Stack]<UL><LI>Max Depth = 48<LI>Call Chain = nvic_irq_enable &rArr; __NVIC_SetPriority
</UL>
<BR>[Calls]<UL><LI><a href="#[91]">&gt;&gt;</a>&nbsp;&nbsp;&nbsp;__NVIC_EnableIRQ
<LI><a href="#[90]">&gt;&gt;</a>&nbsp;&nbsp;&nbsp;__NVIC_SetPriority
</UL>
<BR>[Called By]<UL><LI><a href="#[8d]">&gt;&gt;</a>&nbsp;&nbsp;&nbsp;usart_config
</UL>

<P><STRONG><a name="[7e]"></a>nvic_vector_table_set</STRONG> (Thumb, 28 bytes, Stack size 8 bytes, gd32l23x_misc.o(.text.nvic_vector_table_set))
<BR><BR>[Stack]<UL><LI>Max Depth = 8<LI>Call Chain = nvic_vector_table_set
</UL>
<BR>[Called By]<UL><LI><a href="#[41]">&gt;&gt;</a>&nbsp;&nbsp;&nbsp;SystemInit
</UL>

<P><STRONG><a name="[6f]"></a>rcu_clock_freq_get</STRONG> (Thumb, 1472 bytes, Stack size 128 bytes, gd32l23x_rcu.o(.text.rcu_clock_freq_get))
<BR><BR>[Stack]<UL><LI>Max Depth = 128<LI>Call Chain = rcu_clock_freq_get
</UL>
<BR>[Called By]<UL><LI><a href="#[6a]">&gt;&gt;</a>&nbsp;&nbsp;&nbsp;Motor_Timer2_Init
<LI><a href="#[97]">&gt;&gt;</a>&nbsp;&nbsp;&nbsp;usart_baudrate_set
</UL>

<P><STRONG><a name="[5a]"></a>rcu_periph_clock_enable</STRONG> (Thumb, 36 bytes, Stack size 4 bytes, gd32l23x_rcu.o(.text.rcu_periph_clock_enable))
<BR><BR>[Stack]<UL><LI>Max Depth = 4<LI>Call Chain = rcu_periph_clock_enable
</UL>
<BR>[Called By]<UL><LI><a href="#[63]">&gt;&gt;</a>&nbsp;&nbsp;&nbsp;EPD_GPIO_Init
<LI><a href="#[6a]">&gt;&gt;</a>&nbsp;&nbsp;&nbsp;Motor_Timer2_Init
<LI><a href="#[8d]">&gt;&gt;</a>&nbsp;&nbsp;&nbsp;usart_config
<LI><a href="#[59]">&gt;&gt;</a>&nbsp;&nbsp;&nbsp;Clock_Motor
</UL>

<P><STRONG><a name="[96]"></a>rcu_periph_reset_disable</STRONG> (Thumb, 36 bytes, Stack size 4 bytes, gd32l23x_rcu.o(.text.rcu_periph_reset_disable))
<BR><BR>[Stack]<UL><LI>Max Depth = 4<LI>Call Chain = rcu_periph_reset_disable
</UL>
<BR>[Called By]<UL><LI><a href="#[98]">&gt;&gt;</a>&nbsp;&nbsp;&nbsp;usart_deinit
<LI><a href="#[6d]">&gt;&gt;</a>&nbsp;&nbsp;&nbsp;timer_deinit
</UL>

<P><STRONG><a name="[95]"></a>rcu_periph_reset_enable</STRONG> (Thumb, 36 bytes, Stack size 4 bytes, gd32l23x_rcu.o(.text.rcu_periph_reset_enable))
<BR><BR>[Stack]<UL><LI>Max Depth = 4<LI>Call Chain = rcu_periph_reset_enable
</UL>
<BR>[Called By]<UL><LI><a href="#[98]">&gt;&gt;</a>&nbsp;&nbsp;&nbsp;usart_deinit
<LI><a href="#[6d]">&gt;&gt;</a>&nbsp;&nbsp;&nbsp;timer_deinit
</UL>

<P><STRONG><a name="[8c]"></a>systick_config</STRONG> (Thumb, 36 bytes, Stack size 8 bytes, systick.o(.text.systick_config))
<BR><BR>[Stack]<UL><LI>Max Depth = 56<LI>Call Chain = systick_config &rArr; SysTick_Config &rArr; __NVIC_SetPriority
</UL>
<BR>[Calls]<UL><LI><a href="#[7b]">&gt;&gt;</a>&nbsp;&nbsp;&nbsp;__NVIC_SetPriority
<LI><a href="#[7a]">&gt;&gt;</a>&nbsp;&nbsp;&nbsp;SysTick_Config
</UL>
<BR>[Called By]<UL><LI><a href="#[40]">&gt;&gt;</a>&nbsp;&nbsp;&nbsp;main
</UL>

<P><STRONG><a name="[72]"></a>timer_channel_output_config</STRONG> (Thumb, 334 bytes, Stack size 20 bytes, gd32l23x_timer.o(.text.timer_channel_output_config))
<BR><BR>[Stack]<UL><LI>Max Depth = 20<LI>Call Chain = timer_channel_output_config
</UL>
<BR>[Called By]<UL><LI><a href="#[6a]">&gt;&gt;</a>&nbsp;&nbsp;&nbsp;Motor_Timer2_Init
</UL>

<P><STRONG><a name="[73]"></a>timer_channel_output_mode_config</STRONG> (Thumb, 190 bytes, Stack size 20 bytes, gd32l23x_timer.o(.text.timer_channel_output_mode_config))
<BR><BR>[Stack]<UL><LI>Max Depth = 20<LI>Call Chain = timer_channel_output_mode_config
</UL>
<BR>[Called By]<UL><LI><a href="#[6a]">&gt;&gt;</a>&nbsp;&nbsp;&nbsp;Motor_Timer2_Init
</UL>

<P><STRONG><a name="[74]"></a>timer_channel_output_pulse_value_config</STRONG> (Thumb, 82 bytes, Stack size 16 bytes, gd32l23x_timer.o(.text.timer_channel_output_pulse_value_config))
<BR><BR>[Stack]<UL><LI>Max Depth = 16<LI>Call Chain = timer_channel_output_pulse_value_config
</UL>
<BR>[Called By]<UL><LI><a href="#[6a]">&gt;&gt;</a>&nbsp;&nbsp;&nbsp;Motor_Timer2_Init
</UL>

<P><STRONG><a name="[71]"></a>timer_channel_output_struct_para_init</STRONG> (Thumb, 18 bytes, Stack size 4 bytes, gd32l23x_timer.o(.text.timer_channel_output_struct_para_init))
<BR><BR>[Stack]<UL><LI>Max Depth = 4<LI>Call Chain = timer_channel_output_struct_para_init
</UL>
<BR>[Called By]<UL><LI><a href="#[6a]">&gt;&gt;</a>&nbsp;&nbsp;&nbsp;Motor_Timer2_Init
</UL>

<P><STRONG><a name="[6d]"></a>timer_deinit</STRONG> (Thumb, 176 bytes, Stack size 40 bytes, gd32l23x_timer.o(.text.timer_deinit))
<BR><BR>[Stack]<UL><LI>Max Depth = 44<LI>Call Chain = timer_deinit &rArr; rcu_periph_reset_disable
</UL>
<BR>[Calls]<UL><LI><a href="#[96]">&gt;&gt;</a>&nbsp;&nbsp;&nbsp;rcu_periph_reset_disable
<LI><a href="#[95]">&gt;&gt;</a>&nbsp;&nbsp;&nbsp;rcu_periph_reset_enable
</UL>
<BR>[Called By]<UL><LI><a href="#[6a]">&gt;&gt;</a>&nbsp;&nbsp;&nbsp;Motor_Timer2_Init
</UL>

<P><STRONG><a name="[75]"></a>timer_enable</STRONG> (Thumb, 18 bytes, Stack size 4 bytes, gd32l23x_timer.o(.text.timer_enable))
<BR><BR>[Stack]<UL><LI>Max Depth = 4<LI>Call Chain = timer_enable
</UL>
<BR>[Called By]<UL><LI><a href="#[6a]">&gt;&gt;</a>&nbsp;&nbsp;&nbsp;Motor_Timer2_Init
</UL>

<P><STRONG><a name="[70]"></a>timer_init</STRONG> (Thumb, 132 bytes, Stack size 8 bytes, gd32l23x_timer.o(.text.timer_init))
<BR><BR>[Stack]<UL><LI>Max Depth = 8<LI>Call Chain = timer_init
</UL>
<BR>[Called By]<UL><LI><a href="#[6a]">&gt;&gt;</a>&nbsp;&nbsp;&nbsp;Motor_Timer2_Init
</UL>

<P><STRONG><a name="[6e]"></a>timer_struct_para_init</STRONG> (Thumb, 32 bytes, Stack size 4 bytes, gd32l23x_timer.o(.text.timer_struct_para_init))
<BR><BR>[Stack]<UL><LI>Max Depth = 4<LI>Call Chain = timer_struct_para_init
</UL>
<BR>[Called By]<UL><LI><a href="#[6a]">&gt;&gt;</a>&nbsp;&nbsp;&nbsp;Motor_Timer2_Init
</UL>

<P><STRONG><a name="[8e]"></a>uart_sensor_data_get</STRONG> (Thumb, 72 bytes, Stack size 24 bytes, uart.o(.text.uart_sensor_data_get))
<BR><BR>[Stack]<UL><LI>Max Depth = 24<LI>Call Chain = uart_sensor_data_get
</UL>
<BR>[Called By]<UL><LI><a href="#[40]">&gt;&gt;</a>&nbsp;&nbsp;&nbsp;main
</UL>

<P><STRONG><a name="[81]"></a>usart1_receive_byte</STRONG> (Thumb, 148 bytes, Stack size 16 bytes, uart.o(.text.usart1_receive_byte))
<BR><BR>[Stack]<UL><LI>Max Depth = 92<LI>Call Chain = usart1_receive_byte &rArr; parse_sensor_frame &rArr; read_float_be
</UL>
<BR>[Calls]<UL><LI><a href="#[92]">&gt;&gt;</a>&nbsp;&nbsp;&nbsp;parse_sensor_frame
</UL>
<BR>[Called By]<UL><LI><a href="#[22]">&gt;&gt;</a>&nbsp;&nbsp;&nbsp;USART1_IRQHandler
</UL>

<P><STRONG><a name="[97]"></a>usart_baudrate_set</STRONG> (Thumb, 212 bytes, Stack size 40 bytes, gd32l23x_usart.o(.text.usart_baudrate_set))
<BR><BR>[Stack]<UL><LI>Max Depth = 168<LI>Call Chain = usart_baudrate_set &rArr; rcu_clock_freq_get
</UL>
<BR>[Calls]<UL><LI><a href="#[6f]">&gt;&gt;</a>&nbsp;&nbsp;&nbsp;rcu_clock_freq_get
</UL>
<BR>[Called By]<UL><LI><a href="#[8d]">&gt;&gt;</a>&nbsp;&nbsp;&nbsp;usart_config
</UL>

<P><STRONG><a name="[8d]"></a>usart_config</STRONG> (Thumb, 184 bytes, Stack size 40 bytes, uart.o(.text.usart_config))
<BR><BR>[Stack]<UL><LI>Max Depth = 208<LI>Call Chain = usart_config &rArr; usart_baudrate_set &rArr; rcu_clock_freq_get
</UL>
<BR>[Calls]<UL><LI><a href="#[5a]">&gt;&gt;</a>&nbsp;&nbsp;&nbsp;rcu_periph_clock_enable
<LI><a href="#[8f]">&gt;&gt;</a>&nbsp;&nbsp;&nbsp;nvic_irq_enable
<LI><a href="#[6c]">&gt;&gt;</a>&nbsp;&nbsp;&nbsp;gpio_af_set
<LI><a href="#[6b]">&gt;&gt;</a>&nbsp;&nbsp;&nbsp;gpio_output_options_set
<LI><a href="#[5b]">&gt;&gt;</a>&nbsp;&nbsp;&nbsp;gpio_mode_set
<LI><a href="#[9f]">&gt;&gt;</a>&nbsp;&nbsp;&nbsp;usart_interrupt_enable
<LI><a href="#[9c]">&gt;&gt;</a>&nbsp;&nbsp;&nbsp;usart_receive_config
<LI><a href="#[9d]">&gt;&gt;</a>&nbsp;&nbsp;&nbsp;usart_transmit_config
<LI><a href="#[9e]">&gt;&gt;</a>&nbsp;&nbsp;&nbsp;usart_enable
<LI><a href="#[9a]">&gt;&gt;</a>&nbsp;&nbsp;&nbsp;usart_stop_bit_set
<LI><a href="#[99]">&gt;&gt;</a>&nbsp;&nbsp;&nbsp;usart_word_length_set
<LI><a href="#[9b]">&gt;&gt;</a>&nbsp;&nbsp;&nbsp;usart_parity_config
<LI><a href="#[97]">&gt;&gt;</a>&nbsp;&nbsp;&nbsp;usart_baudrate_set
<LI><a href="#[98]">&gt;&gt;</a>&nbsp;&nbsp;&nbsp;usart_deinit
</UL>
<BR>[Called By]<UL><LI><a href="#[40]">&gt;&gt;</a>&nbsp;&nbsp;&nbsp;main
</UL>

<P><STRONG><a name="[80]"></a>usart_data_receive</STRONG> (Thumb, 16 bytes, Stack size 4 bytes, gd32l23x_usart.o(.text.usart_data_receive))
<BR><BR>[Stack]<UL><LI>Max Depth = 4<LI>Call Chain = usart_data_receive
</UL>
<BR>[Called By]<UL><LI><a href="#[22]">&gt;&gt;</a>&nbsp;&nbsp;&nbsp;USART1_IRQHandler
</UL>

<P><STRONG><a name="[98]"></a>usart_deinit</STRONG> (Thumb, 120 bytes, Stack size 32 bytes, gd32l23x_usart.o(.text.usart_deinit))
<BR><BR>[Stack]<UL><LI>Max Depth = 36<LI>Call Chain = usart_deinit &rArr; rcu_periph_reset_disable
</UL>
<BR>[Calls]<UL><LI><a href="#[96]">&gt;&gt;</a>&nbsp;&nbsp;&nbsp;rcu_periph_reset_disable
<LI><a href="#[95]">&gt;&gt;</a>&nbsp;&nbsp;&nbsp;rcu_periph_reset_enable
</UL>
<BR>[Called By]<UL><LI><a href="#[8d]">&gt;&gt;</a>&nbsp;&nbsp;&nbsp;usart_config
</UL>

<P><STRONG><a name="[9e]"></a>usart_enable</STRONG> (Thumb, 18 bytes, Stack size 4 bytes, gd32l23x_usart.o(.text.usart_enable))
<BR><BR>[Stack]<UL><LI>Max Depth = 4<LI>Call Chain = usart_enable
</UL>
<BR>[Called By]<UL><LI><a href="#[8d]">&gt;&gt;</a>&nbsp;&nbsp;&nbsp;usart_config
</UL>

<P><STRONG><a name="[9f]"></a>usart_interrupt_enable</STRONG> (Thumb, 34 bytes, Stack size 8 bytes, gd32l23x_usart.o(.text.usart_interrupt_enable))
<BR><BR>[Stack]<UL><LI>Max Depth = 8<LI>Call Chain = usart_interrupt_enable
</UL>
<BR>[Called By]<UL><LI><a href="#[8d]">&gt;&gt;</a>&nbsp;&nbsp;&nbsp;usart_config
</UL>

<P><STRONG><a name="[82]"></a>usart_interrupt_flag_clear</STRONG> (Thumb, 60 bytes, Stack size 8 bytes, gd32l23x_usart.o(.text.usart_interrupt_flag_clear))
<BR><BR>[Stack]<UL><LI>Max Depth = 8<LI>Call Chain = usart_interrupt_flag_clear
</UL>
<BR>[Called By]<UL><LI><a href="#[22]">&gt;&gt;</a>&nbsp;&nbsp;&nbsp;USART1_IRQHandler
</UL>

<P><STRONG><a name="[7f]"></a>usart_interrupt_flag_get</STRONG> (Thumb, 98 bytes, Stack size 28 bytes, gd32l23x_usart.o(.text.usart_interrupt_flag_get))
<BR><BR>[Stack]<UL><LI>Max Depth = 28<LI>Call Chain = usart_interrupt_flag_get
</UL>
<BR>[Called By]<UL><LI><a href="#[22]">&gt;&gt;</a>&nbsp;&nbsp;&nbsp;USART1_IRQHandler
</UL>

<P><STRONG><a name="[9b]"></a>usart_parity_config</STRONG> (Thumb, 42 bytes, Stack size 8 bytes, gd32l23x_usart.o(.text.usart_parity_config))
<BR><BR>[Stack]<UL><LI>Max Depth = 8<LI>Call Chain = usart_parity_config
</UL>
<BR>[Called By]<UL><LI><a href="#[8d]">&gt;&gt;</a>&nbsp;&nbsp;&nbsp;usart_config
</UL>

<P><STRONG><a name="[9c]"></a>usart_receive_config</STRONG> (Thumb, 30 bytes, Stack size 8 bytes, gd32l23x_usart.o(.text.usart_receive_config))
<BR><BR>[Stack]<UL><LI>Max Depth = 8<LI>Call Chain = usart_receive_config
</UL>
<BR>[Called By]<UL><LI><a href="#[8d]">&gt;&gt;</a>&nbsp;&nbsp;&nbsp;usart_config
</UL>

<P><STRONG><a name="[9a]"></a>usart_stop_bit_set</STRONG> (Thumb, 42 bytes, Stack size 8 bytes, gd32l23x_usart.o(.text.usart_stop_bit_set))
<BR><BR>[Stack]<UL><LI>Max Depth = 8<LI>Call Chain = usart_stop_bit_set
</UL>
<BR>[Called By]<UL><LI><a href="#[8d]">&gt;&gt;</a>&nbsp;&nbsp;&nbsp;usart_config
</UL>

<P><STRONG><a name="[9d]"></a>usart_transmit_config</STRONG> (Thumb, 30 bytes, Stack size 8 bytes, gd32l23x_usart.o(.text.usart_transmit_config))
<BR><BR>[Stack]<UL><LI>Max Depth = 8<LI>Call Chain = usart_transmit_config
</UL>
<BR>[Called By]<UL><LI><a href="#[8d]">&gt;&gt;</a>&nbsp;&nbsp;&nbsp;usart_config
</UL>

<P><STRONG><a name="[99]"></a>usart_word_length_set</STRONG> (Thumb, 42 bytes, Stack size 8 bytes, gd32l23x_usart.o(.text.usart_word_length_set))
<BR><BR>[Stack]<UL><LI>Max Depth = 8<LI>Call Chain = usart_word_length_set
</UL>
<BR>[Called By]<UL><LI><a href="#[8d]">&gt;&gt;</a>&nbsp;&nbsp;&nbsp;usart_config
</UL>

<P><STRONG><a name="[a0]"></a>__0sprintf</STRONG> (Thumb, 36 bytes, Stack size 24 bytes, printfa.o(i.__0sprintf), UNUSED)
<BR><BR>[Calls]<UL><LI><a href="#[43]">&gt;&gt;</a>&nbsp;&nbsp;&nbsp;_sputc
<LI><a href="#[a1]">&gt;&gt;</a>&nbsp;&nbsp;&nbsp;_printf_core
</UL>

<P><STRONG><a name="[b3]"></a>__1sprintf</STRONG> (Thumb, 0 bytes, Stack size 24 bytes, printfa.o(i.__0sprintf), UNUSED)

<P><STRONG><a name="[b4]"></a>__2sprintf</STRONG> (Thumb, 0 bytes, Stack size 24 bytes, printfa.o(i.__0sprintf), UNUSED)

<P><STRONG><a name="[b5]"></a>__c89sprintf</STRONG> (Thumb, 0 bytes, Stack size 24 bytes, printfa.o(i.__0sprintf), UNUSED)

<P><STRONG><a name="[8b]"></a>sprintf</STRONG> (Thumb, 0 bytes, Stack size 24 bytes, printfa.o(i.__0sprintf))
<BR><BR>[Stack]<UL><LI>Max Depth = 24<LI>Call Chain = sprintf
</UL>
<BR>[Called By]<UL><LI><a href="#[87]">&gt;&gt;</a>&nbsp;&nbsp;&nbsp;format_float_2
</UL>

<P><STRONG><a name="[58]"></a>__ARM_clz</STRONG> (Thumb, 46 bytes, Stack size 0 bytes, depilogue.o(i.__ARM_clz), UNUSED)
<BR><BR>[Called By]<UL><LI><a href="#[50]">&gt;&gt;</a>&nbsp;&nbsp;&nbsp;_double_epilogue
</UL>

<P><STRONG><a name="[b6]"></a>__scatterload_copy</STRONG> (Thumb, 14 bytes, Stack size unknown bytes, handlers.o(i.__scatterload_copy), UNUSED)

<P><STRONG><a name="[b7]"></a>__scatterload_null</STRONG> (Thumb, 2 bytes, Stack size unknown bytes, handlers.o(i.__scatterload_null), UNUSED)

<P><STRONG><a name="[b8]"></a>__scatterload_zeroinit</STRONG> (Thumb, 14 bytes, Stack size unknown bytes, handlers.o(i.__scatterload_zeroinit), UNUSED)
<P>
<H3>
Local Symbols
</H3>
<P><STRONG><a name="[83]"></a>display_sensor_data</STRONG> (Thumb, 88 bytes, Stack size 16 bytes, main.o(.text.display_sensor_data))
<BR><BR>[Stack]<UL><LI>Max Depth = 260<LI>Call Chain = display_sensor_data &rArr; draw_sensor_image &rArr; Paint_DrawString_EN &rArr; Paint_DrawChar &rArr; Paint_SetPixel
</UL>
<BR>[Calls]<UL><LI><a href="#[5c]">&gt;&gt;</a>&nbsp;&nbsp;&nbsp;EPD_Dis_PartAll
<LI><a href="#[66]">&gt;&gt;</a>&nbsp;&nbsp;&nbsp;EPD_SetRAMValue_BaseMap
<LI><a href="#[64]">&gt;&gt;</a>&nbsp;&nbsp;&nbsp;EPD_HW_Init_GUI
<LI><a href="#[84]">&gt;&gt;</a>&nbsp;&nbsp;&nbsp;draw_sensor_image
</UL>
<BR>[Called By]<UL><LI><a href="#[40]">&gt;&gt;</a>&nbsp;&nbsp;&nbsp;main
</UL>

<P><STRONG><a name="[84]"></a>draw_sensor_image</STRONG> (Thumb, 284 bytes, Stack size 72 bytes, main.o(.text.draw_sensor_image))
<BR><BR>[Stack]<UL><LI>Max Depth = 244<LI>Call Chain = draw_sensor_image &rArr; Paint_DrawString_EN &rArr; Paint_DrawChar &rArr; Paint_SetPixel
</UL>
<BR>[Calls]<UL><LI><a href="#[79]">&gt;&gt;</a>&nbsp;&nbsp;&nbsp;Paint_DrawString_EN
<LI><a href="#[78]">&gt;&gt;</a>&nbsp;&nbsp;&nbsp;Paint_DrawString_CN
<LI><a href="#[86]">&gt;&gt;</a>&nbsp;&nbsp;&nbsp;Paint_Clear
<LI><a href="#[85]">&gt;&gt;</a>&nbsp;&nbsp;&nbsp;Paint_NewImage
<LI><a href="#[87]">&gt;&gt;</a>&nbsp;&nbsp;&nbsp;format_float_2
</UL>
<BR>[Called By]<UL><LI><a href="#[83]">&gt;&gt;</a>&nbsp;&nbsp;&nbsp;display_sensor_data
</UL>

<P><STRONG><a name="[87]"></a>format_float_2</STRONG> (Thumb, 152 bytes, Stack size 48 bytes, main.o(.text.format_float_2))
<BR><BR>[Stack]<UL><LI>Max Depth = 84<LI>Call Chain = format_float_2 &rArr; __aeabi_fadd &rArr; _float_epilogue
</UL>
<BR>[Calls]<UL><LI><a href="#[8a]">&gt;&gt;</a>&nbsp;&nbsp;&nbsp;__aeabi_f2iz
<LI><a href="#[46]">&gt;&gt;</a>&nbsp;&nbsp;&nbsp;__aeabi_fadd
<LI><a href="#[89]">&gt;&gt;</a>&nbsp;&nbsp;&nbsp;__aeabi_fmul
<LI><a href="#[88]">&gt;&gt;</a>&nbsp;&nbsp;&nbsp;__aeabi_fcmpge
<LI><a href="#[8b]">&gt;&gt;</a>&nbsp;&nbsp;&nbsp;sprintf
</UL>
<BR>[Called By]<UL><LI><a href="#[84]">&gt;&gt;</a>&nbsp;&nbsp;&nbsp;draw_sensor_image
</UL>

<P><STRONG><a name="[7a]"></a>SysTick_Config</STRONG> (Thumb, 64 bytes, Stack size 24 bytes, systick.o(.text.SysTick_Config))
<BR><BR>[Stack]<UL><LI>Max Depth = 48<LI>Call Chain = SysTick_Config &rArr; __NVIC_SetPriority
</UL>
<BR>[Calls]<UL><LI><a href="#[7b]">&gt;&gt;</a>&nbsp;&nbsp;&nbsp;__NVIC_SetPriority
</UL>
<BR>[Called By]<UL><LI><a href="#[8c]">&gt;&gt;</a>&nbsp;&nbsp;&nbsp;systick_config
</UL>

<P><STRONG><a name="[7b]"></a>__NVIC_SetPriority</STRONG> (Thumb, 124 bytes, Stack size 24 bytes, systick.o(.text.__NVIC_SetPriority))
<BR><BR>[Stack]<UL><LI>Max Depth = 24<LI>Call Chain = __NVIC_SetPriority
</UL>
<BR>[Called By]<UL><LI><a href="#[7a]">&gt;&gt;</a>&nbsp;&nbsp;&nbsp;SysTick_Config
<LI><a href="#[8c]">&gt;&gt;</a>&nbsp;&nbsp;&nbsp;systick_config
</UL>

<P><STRONG><a name="[7d]"></a>system_clock_config</STRONG> (Thumb, 8 bytes, Stack size 8 bytes, system_gd32l23x.o(.text.system_clock_config))
<BR><BR>[Stack]<UL><LI>Max Depth = 28<LI>Call Chain = system_clock_config &rArr; system_clock_8m_hxtal
</UL>
<BR>[Calls]<UL><LI><a href="#[94]">&gt;&gt;</a>&nbsp;&nbsp;&nbsp;system_clock_8m_hxtal
</UL>
<BR>[Called By]<UL><LI><a href="#[41]">&gt;&gt;</a>&nbsp;&nbsp;&nbsp;SystemInit
</UL>

<P><STRONG><a name="[94]"></a>system_clock_8m_hxtal</STRONG> (Thumb, 168 bytes, Stack size 20 bytes, system_gd32l23x.o(.text.system_clock_8m_hxtal))
<BR><BR>[Stack]<UL><LI>Max Depth = 20<LI>Call Chain = system_clock_8m_hxtal
</UL>
<BR>[Called By]<UL><LI><a href="#[7d]">&gt;&gt;</a>&nbsp;&nbsp;&nbsp;system_clock_config
</UL>

<P><STRONG><a name="[90]"></a>__NVIC_SetPriority</STRONG> (Thumb, 124 bytes, Stack size 24 bytes, gd32l23x_misc.o(.text.__NVIC_SetPriority))
<BR><BR>[Stack]<UL><LI>Max Depth = 24<LI>Call Chain = __NVIC_SetPriority
</UL>
<BR>[Called By]<UL><LI><a href="#[8f]">&gt;&gt;</a>&nbsp;&nbsp;&nbsp;nvic_irq_enable
</UL>

<P><STRONG><a name="[91]"></a>__NVIC_EnableIRQ</STRONG> (Thumb, 48 bytes, Stack size 4 bytes, gd32l23x_misc.o(.text.__NVIC_EnableIRQ))
<BR><BR>[Stack]<UL><LI>Max Depth = 4<LI>Call Chain = __NVIC_EnableIRQ
</UL>
<BR>[Called By]<UL><LI><a href="#[8f]">&gt;&gt;</a>&nbsp;&nbsp;&nbsp;nvic_irq_enable
</UL>

<P><STRONG><a name="[92]"></a>parse_sensor_frame</STRONG> (Thumb, 128 bytes, Stack size 64 bytes, uart.o(.text.parse_sensor_frame))
<BR><BR>[Stack]<UL><LI>Max Depth = 76<LI>Call Chain = parse_sensor_frame &rArr; read_float_be
</UL>
<BR>[Calls]<UL><LI><a href="#[93]">&gt;&gt;</a>&nbsp;&nbsp;&nbsp;read_float_be
</UL>
<BR>[Called By]<UL><LI><a href="#[81]">&gt;&gt;</a>&nbsp;&nbsp;&nbsp;usart1_receive_byte
</UL>

<P><STRONG><a name="[93]"></a>read_float_be</STRONG> (Thumb, 58 bytes, Stack size 12 bytes, uart.o(.text.read_float_be))
<BR><BR>[Stack]<UL><LI>Max Depth = 12<LI>Call Chain = read_float_be
</UL>
<BR>[Called By]<UL><LI><a href="#[92]">&gt;&gt;</a>&nbsp;&nbsp;&nbsp;parse_sensor_frame
</UL>

<P><STRONG><a name="[a2]"></a>_fp_digits</STRONG> (Thumb, 344 bytes, Stack size 64 bytes, printfa.o(i._fp_digits), UNUSED)
<BR><BR>[Calls]<UL><LI><a href="#[4b]">&gt;&gt;</a>&nbsp;&nbsp;&nbsp;__aeabi_uldivmod
<LI><a href="#[54]">&gt;&gt;</a>&nbsp;&nbsp;&nbsp;__aeabi_dmul
<LI><a href="#[55]">&gt;&gt;</a>&nbsp;&nbsp;&nbsp;__aeabi_ddiv
<LI><a href="#[4e]">&gt;&gt;</a>&nbsp;&nbsp;&nbsp;__aeabi_dadd
<LI><a href="#[56]">&gt;&gt;</a>&nbsp;&nbsp;&nbsp;__aeabi_d2ulz
<LI><a href="#[a3]">&gt;&gt;</a>&nbsp;&nbsp;&nbsp;__aeabi_cdrcmple
</UL>
<BR>[Called By]<UL><LI><a href="#[a1]">&gt;&gt;</a>&nbsp;&nbsp;&nbsp;_printf_core
</UL>

<P><STRONG><a name="[a1]"></a>_printf_core</STRONG> (Thumb, 1754 bytes, Stack size 128 bytes, printfa.o(i._printf_core), UNUSED)
<BR><BR>[Calls]<UL><LI><a href="#[a6]">&gt;&gt;</a>&nbsp;&nbsp;&nbsp;__aeabi_uidivmod
<LI><a href="#[4b]">&gt;&gt;</a>&nbsp;&nbsp;&nbsp;__aeabi_uldivmod
<LI><a href="#[a4]">&gt;&gt;</a>&nbsp;&nbsp;&nbsp;_printf_pre_padding
<LI><a href="#[a5]">&gt;&gt;</a>&nbsp;&nbsp;&nbsp;_printf_post_padding
<LI><a href="#[a2]">&gt;&gt;</a>&nbsp;&nbsp;&nbsp;_fp_digits
</UL>
<BR>[Called By]<UL><LI><a href="#[a0]">&gt;&gt;</a>&nbsp;&nbsp;&nbsp;__0sprintf
</UL>

<P><STRONG><a name="[a5]"></a>_printf_post_padding</STRONG> (Thumb, 32 bytes, Stack size 24 bytes, printfa.o(i._printf_post_padding), UNUSED)
<BR><BR>[Called By]<UL><LI><a href="#[a1]">&gt;&gt;</a>&nbsp;&nbsp;&nbsp;_printf_core
</UL>

<P><STRONG><a name="[a4]"></a>_printf_pre_padding</STRONG> (Thumb, 44 bytes, Stack size 40 bytes, printfa.o(i._printf_pre_padding), UNUSED)
<BR><BR>[Called By]<UL><LI><a href="#[a1]">&gt;&gt;</a>&nbsp;&nbsp;&nbsp;_printf_core
</UL>

<P><STRONG><a name="[43]"></a>_sputc</STRONG> (Thumb, 10 bytes, Stack size 0 bytes, printfa.o(i._sputc))
<BR><BR>[Called By]<UL><LI><a href="#[a0]">&gt;&gt;</a>&nbsp;&nbsp;&nbsp;__0sprintf
</UL>
<BR>[Address Reference Count : 1]<UL><LI> printfa.o(i.__0sprintf)
</UL><P>
<H3>
Undefined Global Symbols
</H3><HR></body></html>
