<html>
<body>
<pre>
<h1>µVision Build Log</h1>
<h2>Tool Versions:</h2>
IDE-Version: ¦ÌVision V5.39.0.0
Copyright (C) 2023 ARM Ltd and ARM Germany GmbH. All rights reserved.
License Information: 1 1, 1, LIC=03C6R-KK57E-12RLE-5VFIS-ECBL6-27JQB
 
Tool Versions:
Toolchain:       MDK-ARM Plus  Version: 5.39.0.0
Toolchain Path:  D:\Keil5\ARM\ARMCLANG\Bin
C Compiler:      ArmClang.exe V6.21
Assembler:       Armasm.exe V6.21
Linker/Locator:  ArmLink.exe V6.21
Library Manager: ArmAr.exe V6.21
Hex Converter:   FromElf.exe V6.21
CPU DLL:         
Dialog DLL:      
Target DLL:      STLink\ST-LINKIII-KEIL_SWO.dll V3.2.0.0
Dialog DLL:      TCM.DLL V1.56.4.0
 
<h2>Project:</h2>
D:\yuanqi\yuanqi\M10\GD_M10_Physical_Interface_V1.0_20260421\GD_M10_Physical_Interface_V1.0_20260121\GD32L233C_START\Projects\Running_KS\MDK-ARM\GD32L233C_START.uvprojx
Project File Date:  01/21/2026

<h2>Output:</h2>
*** Using Compiler 'V6.21', folder: 'D:\Keil5\ARM\ARMCLANG\Bin'
Build target 'GD32L233C_START'
compiling gd32l23x_cmp.c...
compiling main.c...
compiling gd32l23x_cau_des.c...
compiling gd32l23x_exti.c...
compiling gd32l23x_cau_aes.c...
compiling systick.c...
compiling gd32l23x_dma.c...
compiling gd32l23x_gpio.c...
compiling gd32l23x_it.c...
compiling gd32l23x_cau.c...
compiling gd32l23x_dbg.c...
compiling gd32l23x_dac.c...
compiling gd32l23x_cau_tdes.c...
compiling system_gd32l23x.c...
compiling gd32l23x_ctc.c...
compiling gd32l23x_crc.c...
compiling gd32l23x_fwdgt.c...
compiling gd32l23x_fmc.c...
compiling gd32l23x_adc.c...
compiling gd32l23x_i2c.c...
compiling gd32l23x_lptimer.c...
compiling gd32l23x_lpuart.c...
compiling gd32l23x_misc.c...
compiling gd32l23x_pmu.c...
compiling gd32l23x_rcu.c...
compiling gd32l23x_rtc.c...
compiling gd32l23x_slcd.c...
compiling gd32l23x_syscfg.c...
compiling gd32l23x_spi.c...
compiling gd32l23x_timer.c...
compiling gd32l23x_trng.c...
compiling gd32l23x_vref.c...
compiling gd32l23x_usart.c...
compiling gd32l23x_wwdgt.c...
compiling gd32l233c_start.c...
compiling Display_EPD_W21_spi.c...
compiling Display_EPD_W21.c...
compiling Motor.c...
compiling Uart.c...
linking...
Program Size: Code=9756 RO-data=5136 RW-data=8 ZI-data=1032  
FromELF: creating hex file...
".\Objects\Project.axf" - 0 Error(s), 0 Warning(s).

<h2>Software Packages used:</h2>

Package Vendor: ARM
                http://www.keil.com/pack/ARM.CMSIS.5.9.0.pack
                ARM::CMSIS@5.9.0
                CMSIS (Common Microcontroller Software Interface Standard)
   * Component: CORE Version: 5.6.0

Package Vendor: GigaDevice
                https://gd32mcu.com/data/documents/pack/GigaDevice.GD32L23x_DFP.1.1.0.pack
                GigaDevice::GD32L23x_DFP@1.1.0
                GigaDevice GD32L23x Series Device Support and Examples

<h2>Collection of Component include folders:</h2>
  ./RTE/_GD32L233C_START
  D:/Keil5/Packs/ARM/CMSIS/5.9.0/CMSIS/Core/Include
  D:/Keil5/Packs/GigaDevice/GD32L23x_DFP/1.1.0/Device/Include

<h2>Collection of Component Files used:</h2>

   * Component: ARM::CMSIS:CORE@5.6.0
Build Time Elapsed:  00:00:02
</pre>
</body>
</html>
