<html>
<body>
<pre>
<h1>�Vision Build Log</h1>
<h2>Tool Versions:</h2>
IDE-Version: ��Vision V5.39.0.0
Copyright (C) 2023 ARM Ltd and ARM Germany GmbH. All rights reserved.
License Information: 1 1, 1, LIC=03C6R-KK57E-12RLE-5VFIS-ECBL6-27JQB
 
Tool Versions:
Toolchain:       MDK-ARM Plus  Version: 5.39.0.0
Toolchain Path:  D:\Keil5\ARM\ARMCLANG\Bin
C Compiler:      ArmClang.exe V6.21
Assembler:       Armasm.exe V6.21
Linker/Locator:  ArmLink.exe V6.21
Library Manager: ArmAr.exe V6.21
Hex Converter:   FromElf.exe V6.21
CPU DLL:         
Dialog DLL:      
Target DLL:      STLink\ST-LINKIII-KEIL_SWO.dll V3.2.0.0
Dialog DLL:      TCM.DLL V1.56.4.0
 
<h2>Project:</h2>
D:\yuanqi\yuanqi\M10\GD_M10_Physical_Interface_V1.0_20260421\GD_M10_Physical_Interface_V1.0_20260121\GD32L233C_START\Projects\Running_KS\MDK-ARM\GD32L233C_START.uvprojx
Project File Date:  04/27/2026

<h2>Output:</h2>
*** Using Compiler 'V6.21', folder: 'D:\Keil5\ARM\ARMCLANG\Bin'
Build target 'GD32L233C_START'
../main.c(80): warning: illegal character encoding in string literal [-Winvalid-source-encoding]
   80 |                         Paint_DrawString_CN(10, 0, "<BC><D7><CD>飺", &Font12CN, FONT_BACKGROUND, FONT_FOREGROUND);
      |                                                     ^~~~~~~~~~~~
../main.c(82): warning: illegal character encoding in string literal [-Winvalid-source-encoding]
   82 |                         Paint_DrawString_CN(10, 21, "<CE>¶ȣ<BA>", &Font12CN, FONT_BACKGROUND, FONT_FOREGROUND);
      |                                                      ^~~~  ~~~~
../main.c(84): warning: illegal character encoding in string literal [-Winvalid-source-encoding]
   84 |                         Paint_DrawString_CN(10, 42, "<D1><F5><C6><F8><A3><BA>", &Font12CN, FONT_BACKGROUND, FONT_FOREGROUND);
      |                                                      ^~~~~~~~~~~~~~~~~~~~~~~~
../main.c(86): warning: illegal character encoding in string literal [-Winvalid-source-encoding]
   86 |                         Paint_DrawString_CN(10, 63, "һ<D1><F5><BB><AF>̼<A3><BA>", &Font12CN, FONT_BACKGROUND, FONT_FOREGROUND);
      |                                                       ^~~~~~~~~~~~~~~~~~~~~~~~
../main.c(88): warning: illegal character encoding in string literal [-Winvalid-source-encoding]
   88 |                         Paint_DrawString_CN(10, 84, "<B6><FE><D1><F5><BB><AF>̼<A3><BA>", &Font12CN, FONT_BACKGROUND, FONT_FOREGROUND);
      |                                                      ^~~~~~~~~~~~~~~~~~~~~~~~~~~~~~~~
5 warnings generated.
compiling main.c...
linking...
Program Size: Code=11372 RO-data=3264 RW-data=20 ZI-data=5796  
FromELF: creating hex file...
".\Objects\Project.axf" - 0 Error(s), 5 Warning(s).

<h2>Software Packages used:</h2>

Package Vendor: ARM
                http://www.keil.com/pack/ARM.CMSIS.5.9.0.pack
                ARM::CMSIS@5.9.0
                CMSIS (Common Microcontroller Software Interface Standard)
   * Component: CORE Version: 5.6.0

Package Vendor: GigaDevice
                https://gd32mcu.com/data/documents/pack/GigaDevice.GD32L23x_DFP.1.1.0.pack
                GigaDevice::GD32L23x_DFP@1.1.0
                GigaDevice GD32L23x Series Device Support and Examples

<h2>Collection of Component include folders:</h2>
  ./RTE/_GD32L233C_START
  D:/Keil5/Packs/ARM/CMSIS/5.9.0/CMSIS/Core/Include
  D:/Keil5/Packs/GigaDevice/GD32L23x_DFP/1.1.0/Device/Include

<h2>Collection of Component Files used:</h2>

   * Component: ARM::CMSIS:CORE@5.6.0
Build Time Elapsed:  00:00:01
</pre>
</body>
</html>
